 binding

 Timestamp is 5d2f9cd4 (Thu Jul 18 03:40:28 2019)

 Preferred load address is 0000000180000000

 Start         Length     Name                   Class
 0001:00000000 00019150H .text$mn                CODE
 0001:00019150 00000020H .text$mn$00             CODE
 0001:00019170 00000840H .text$x                 CODE
 0002:00000000 00000250H .idata$5                DATA
 0002:00000250 00000010H .00cfg                  DATA
 0002:00000260 00000008H .CRT$XCA                DATA
 0002:00000268 00000008H .CRT$XCU                DATA
 0002:00000270 00000008H .CRT$XCZ                DATA
 0002:00000278 00000008H .CRT$XIA                DATA
 0002:00000280 00000018H .CRT$XIC                DATA
 0002:00000298 00000008H .CRT$XIZ                DATA
 0002:000002a0 00000008H .CRT$XPA                DATA
 0002:000002a8 00000010H .CRT$XPX                DATA
 0002:000002b8 00000008H .CRT$XPXA               DATA
 0002:000002c0 00000008H .CRT$XPZ                DATA
 0002:000002c8 00000008H .CRT$XTA                DATA
 0002:000002d0 00000010H .CRT$XTZ                DATA
 0002:000002d8 00000000H .gfids$y                DATA
 0002:000002e0 00008d70H .rdata                  DATA
 0002:00009050 0000037cH .rdata$r                DATA
 0002:000093cc 000003b4H .rdata$zzzdbg           DATA
 0002:00009780 00000008H .rtc$IAA                DATA
 0002:00009788 00000008H .rtc$IZZ                DATA
 0002:00009790 00000008H .rtc$TAA                DATA
 0002:00009798 00000008H .rtc$TZZ                DATA
 0002:000097a0 00001f80H .xdata                  DATA
 0002:0000b720 0000033cH .xdata$x                DATA
 0002:0000ba5c 00000020H .didat$2                DATA
 0002:0000ba7c 00000024H .didat$3                DATA
 0002:0000baa0 00000130H .didat$4                DATA
 0002:0000bbd0 00000398H .didat$6                DATA
 0002:0000bf68 00000138H .didat$7                DATA
 0002:0000c0a0 00000054H .edata                  DATA
 0002:0000c0f4 00000014H .idata$2                DATA
 0002:0000c108 00000018H .idata$3                DATA
 0002:0000c120 00000250H .idata$4                DATA
 0002:0000c370 0000055eH .idata$6                DATA
 0003:00000000 00000a38H .data                   DATA
 0003:00000a38 000001f8H .data$r                 DATA
 0003:00000c30 00000130H .didat$5                DATA
 0003:00000d60 00001220H .bss                    DATA
 0004:00000000 00001698H .pdata                  DATA
 0005:00000000 00000060H .rsrc$01                DATA
 0005:00000060 00000180H .rsrc$02                DATA

  Address         Publics by Value              Rva+Base               Lib:Object

 0000:00000000       __guard_fids_count         0000000000000000     <absolute>
 0000:00000000       __hybrid_code_map          0000000000000000     <absolute>
 0000:00000000       __guard_iat_count          0000000000000000     <absolute>
 0000:00000000       __guard_longjmp_count      0000000000000000     <absolute>
 0000:00000000       __guard_longjmp_table      0000000000000000     <absolute>
 0000:00000000       __volatile_metadata        0000000000000000     <absolute>
 0000:00000000       __guard_iat_table          0000000000000000     <absolute>
 0000:00000000       __hybrid_code_map_count    0000000000000000     <absolute>
 0000:00000000       __enclave_config           0000000000000000     <absolute>
 0000:00000000       ___safe_se_handler_count   0000000000000000     <absolute>
 0000:00000000       ___safe_se_handler_table   0000000000000000     <absolute>
 0000:00000000       __guard_fids_table         0000000000000000     <absolute>
 0000:00000000       __hybrid_auxiliary_iat     0000000000000000     <absolute>
 0000:00000000       __dynamic_value_reloc_table 0000000000000000     <absolute>
 0000:00000100       __guard_flags              0000000000000100     <absolute>
 0000:00000000       __ImageBase                0000000180000000     <linker-defined>
 0001:00000000       ??0exception@stdext@@QEAA@AEBV01@@Z 0000000180001000 f i binding.obj
 0001:00000020       ?what@exception@stdext@@UEBAPEBDXZ 0000000180001020 f i binding.obj
 0001:00000040       _guard_check_icall_nop     0000000180001040 f i LIBCMT:guard_support.obj
 0001:00000040       ?_Doraise@exception@stdext@@MEBAXXZ 0000000180001040 f i binding.obj
 0001:00000050       ??_Eexception@stdext@@UEAAPEAXI@Z 0000000180001050 f i * CIL library *:* CIL module *
 0001:00000050       ??_Gexception@stdext@@UEAAPEAXI@Z 0000000180001050 f i binding.obj
 0001:00000080       __local_stdio_printf_options 0000000180001080 f i binding.obj
 0001:00000090       _snprintf_s                0000000180001090 f i binding.obj
 0001:00000100       ??BEnv@Napi@@QEBAPEAUnapi_env__@@XZ 0000000180001100 f i binding.obj
 0001:00000110       ??1Error@Napi@@UEAA@XZ     0000000180001110 f i binding.obj
 0001:000001a0       ?Type@Value@Napi@@QEBA?AW4napi_valuetype@@XZ 00000001800011a0 f i binding.obj
 0001:00000220       ?New@Number@Napi@@SA?AV12@PEAUnapi_env__@@N@Z 0000000180001220 f i binding.obj
 0001:000002b0       ??BString@Napi@@QEBA?AV?$basic_string@DU?$char_traits@D@std@@V?$allocator@D@2@@std@@XZ 00000001800012b0 f i binding.obj
 0001:00000450       ??AObject@Napi@@QEAA?AV?$PropertyLValue@V?$basic_string@DU?$char_traits@D@std@@V?$allocator@D@2@@std@@@01@PEBD@Z 0000000180001450 f i binding.obj
 0001:000004c0       ??1?$PropertyLValue@V?$basic_string@DU?$char_traits@D@std@@V?$allocator@D@2@@std@@@Object@Napi@@QEAA@XZ 00000001800014c0 f i binding.obj
 0001:00000520       ?New@Error@Napi@@SA?AV12@PEAUnapi_env__@@@Z 0000000180001520 f i binding.obj
 0001:00000720       ?New@Error@Napi@@SA?AV12@PEAUnapi_env__@@PEBD@Z 0000000180001720 f i binding.obj
 0001:00000870       ??_EError@Napi@@UEAAPEAXI@Z 0000000180001870 f i * CIL library *:* CIL module *
 0001:00000870       ??_GTypeError@Napi@@UEAAPEAXI@Z 0000000180001870 f i binding.obj
 0001:00000870       ??_ETypeError@Napi@@UEAAPEAXI@Z 0000000180001870 f i * CIL library *:* CIL module *
 0001:00000870       ??_GError@Napi@@UEAAPEAXI@Z 0000000180001870 f i binding.obj
 0001:000008b0       ??0Error@Napi@@QEAA@AEBV01@@Z 00000001800018b0 f i binding.obj
 0001:00000a30       ?Message@Error@Napi@@QEBAAEBV?$basic_string@DU?$char_traits@D@std@@V?$allocator@D@2@@std@@XZ 0000000180001a30 f i binding.obj
 0001:00000cd0       ?ThrowAsJavaScriptException@Error@Napi@@QEBAXXZ 0000000180001cd0 f i binding.obj
 0001:00000de0       ?what@Error@Napi@@UEBAPEBDXZ 0000000180001de0 f i binding.obj
 0001:00000e00       ?New@TypeError@Napi@@SA?AV12@PEAUnapi_env__@@PEBD@Z 0000000180001e00 f i binding.obj
 0001:00000f60       ??1TypeError@Napi@@UEAA@XZ 0000000180001f60 f i binding.obj
 0001:00000f70       ??0ObjectReference@Napi@@IEAA@AEBV01@@Z 0000000180001f70 f i binding.obj
 0001:000010b0       ??0CallbackInfo@Napi@@QEAA@PEAUnapi_env__@@PEAUnapi_callback_info__@@@Z 00000001800020b0 f i binding.obj
 0001:000011e0       ??1CallbackInfo@Napi@@QEAA@XZ 00000001800021e0 f i binding.obj
 0001:000011f0       ?Env@CallbackInfo@Napi@@QEBA?AV02@XZ 00000001800021f0 f i binding.obj
 0001:00001200       ??ACallbackInfo@Napi@@QEBA?BVValue@1@_K@Z 0000000180002200 f i binding.obj
 0001:000012d0       ??1HandleScope@Napi@@QEAA@XZ 00000001800022d0 f i binding.obj
 0001:000012e0       ??1EscapableHandleScope@Napi@@QEAA@XZ 00000001800022e0 f i binding.obj
 0001:000015a0       ??0TypeError@Napi@@QEAA@AEBV01@@Z 00000001800025a0 f i binding.obj
 0001:00002ee0       ?Init@@YA?AVObject@Napi@@VEnv@2@V12@@Z 0000000180003ee0 f   binding.obj
 0001:00005ab0       ??4?$PropertyLValue@V?$basic_string@DU?$char_traits@D@std@@V?$allocator@D@2@@std@@@Object@Napi@@QEAAAEAV012@AEBV012@@Z 0000000180006ab0 f i binding.obj
 0001:00005b00       ?__napi_Init@@YAPEAUnapi_value__@@PEAUnapi_env__@@PEAU1@@Z 0000000180006b00 f   binding.obj
 0001:00005b70       ?reserve@?$basic_string@DU?$char_traits@D@std@@V?$allocator@D@2@@std@@QEAAX_K@Z 0000000180006b70 f i binding.obj
 0001:00005d30       ??1?$basic_string@DU?$char_traits@D@std@@V?$allocator@D@2@@std@@QEAA@XZ 0000000180006d30 f i binding.obj
 0001:00005d90       ?assign@?$basic_string@DU?$char_traits@D@std@@V?$allocator@D@2@@std@@QEAAAEAV12@QEBD_K@Z 0000000180006d90 f i binding.obj
 0001:00005ee0       ??0?$PropertyLValue@V?$basic_string@DU?$char_traits@D@std@@V?$allocator@D@2@@std@@@Object@Napi@@AEAA@V12@V?$basic_string@DU?$char_traits@D@std@@V?$allocator@D@2@@std@@@Z 0000000180006ee0 f i binding.obj
 0001:00006060       ??0?$Reference@VObject@Napi@@@Napi@@IEAA@AEBV01@@Z 0000000180007060 f i binding.obj
 0001:000061a0       ??1?$Reference@VObject@Napi@@@Napi@@QEAA@XZ 00000001800071a0 f i binding.obj
 0001:000061d0       ?Reset@?$Reference@VObject@Napi@@@Napi@@QEAAXXZ 00000001800071d0 f i binding.obj
 0001:00006240       ??$WrapCallback@V<lambda_8c7377a71108815b2eee34f099f4cb99>@@@details@Napi@@YAPEAUnapi_value__@@V<lambda_8c7377a71108815b2eee34f099f4cb99>@@@Z 0000000180007240 f i binding.obj
 0001:00006290       ??$?4VNumber@Napi@@@?$PropertyLValue@V?$basic_string@DU?$char_traits@D@std@@V?$allocator@D@2@@std@@@Object@Napi@@QEAAAEAV012@VNumber@2@@Z 0000000180007290 f i binding.obj
 0001:00006290       ??$?4VFunction@Napi@@@?$PropertyLValue@V?$basic_string@DU?$char_traits@D@std@@V?$allocator@D@2@@std@@@Object@Napi@@QEAAAEAV012@VFunction@2@@Z 0000000180007290 f i binding.obj
 0001:00006290       ??$?4VValue@Napi@@@?$PropertyLValue@V?$basic_string@DU?$char_traits@D@std@@V?$allocator@D@2@@std@@@Object@Napi@@QEAAAEAV012@VValue@2@@Z 0000000180007290 f i binding.obj
 0001:00006290       ??$?4VObject@Napi@@@?$PropertyLValue@V?$basic_string@DU?$char_traits@D@std@@V?$allocator@D@2@@std@@@Object@Napi@@QEAAAEAV012@V12@@Z 0000000180007290 f i binding.obj
 0001:00006320       ??$New@P6A?AVValue@Napi@@AEBVCallbackInfo@2@@Z@Function@Napi@@SA?AV01@PEAUnapi_env__@@P6A?AVValue@1@AEBVCallbackInfo@1@@ZPEBDPEAX@Z 0000000180007320 f i binding.obj
 0001:000064a0       ??$New@P6AXAEBVCallbackInfo@Napi@@@Z@Function@Napi@@SA?AV01@PEAUnapi_env__@@P6AXAEBVCallbackInfo@1@@ZPEBDPEAX@Z 00000001800074a0 f i binding.obj
 0001:00006620       ??$_Reallocate_grow_by@V<lambda_e1befb086ad3257e3f042a63030725f7>@@_KD@?$basic_string@DU?$char_traits@D@std@@V?$allocator@D@2@@std@@QEAAAEAV01@_KV<lambda_e1befb086ad3257e3f042a63030725f7>@@_KD@Z 0000000180007620 f i binding.obj
 0001:00006790       ?Wrapper@?$CallbackData@P6AXAEBVCallbackInfo@Napi@@@ZX@details@Napi@@SAPEAUnapi_value__@@PEAUnapi_env__@@PEAUnapi_callback_info__@@@Z 0000000180007790 f i binding.obj
 0001:000067d0       ?Wrapper@?$CallbackData@P6A?AVValue@Napi@@AEBVCallbackInfo@2@@ZV12@@details@Napi@@SAPEAUnapi_value__@@PEAUnapi_env__@@PEAUnapi_callback_info__@@@Z 00000001800077d0 f i binding.obj
 0001:00006820       ?_Xlen@?$basic_string@DU?$char_traits@D@std@@V?$allocator@D@2@@std@@SAXXZ 0000000180007820 f i binding.obj
 0001:00006840       ??$WrapCallback@V<lambda_03ec0e3e2a4187754bc7c97d0c48b30a>@@@details@Napi@@YAPEAUnapi_value__@@V<lambda_03ec0e3e2a4187754bc7c97d0c48b30a>@@@Z 0000000180007840 f i binding.obj
 0001:000068b0       ??$WrapCallback@V<lambda_4b130013be4a466940e6fe08d32cda83>@@@details@Napi@@YAPEAUnapi_value__@@V<lambda_4b130013be4a466940e6fe08d32cda83>@@@Z 00000001800078b0 f i binding.obj
 0001:0000698c       __imp_load_napi_create_function 000000018000798c f   node:node.exe
 0001:00006998       __tailMerge_node_exe       0000000180007998     node:node.exe
 0001:00006a11       __imp_load_napi_open_handle_scope 0000000180007a11 f   node:node.exe
 0001:00006a1d       __imp_load_napi_coerce_to_number 0000000180007a1d f   node:node.exe
 0001:00006a29       __imp_load_napi_get_boolean 0000000180007a29 f   node:node.exe
 0001:00006a35       __imp_load_napi_get_last_error_info 0000000180007a35 f   node:node.exe
 0001:00006a41       __imp_load_napi_create_error 0000000180007a41 f   node:node.exe
 0001:00006a4d       __imp_load_napi_is_buffer  0000000180007a4d f   node:node.exe
 0001:00006a59       __imp_load_napi_delete_reference 0000000180007a59 f   node:node.exe
 0001:00006a65       __imp_load_napi_fatal_error 0000000180007a65 f   node:node.exe
 0001:00006a71       __imp_load_napi_is_exception_pending 0000000180007a71 f   node:node.exe
 0001:00006a7d       __imp_load_napi_create_symbol 0000000180007a7d f   node:node.exe
 0001:00006a89       __imp_load_napi_get_value_string_utf8 0000000180007a89 f   node:node.exe
 0001:00006a95       __imp_load_napi_close_escapable_handle_scope 0000000180007a95 f   node:node.exe
 0001:00006aa1       __imp_load_napi_escape_handle 0000000180007aa1 f   node:node.exe
 0001:00006aad       __imp_load_napi_get_buffer_info 0000000180007aad f   node:node.exe
 0001:00006ab9       __imp_load_napi_create_type_error 0000000180007ab9 f   node:node.exe
 0001:00006ac5       __imp_load_napi_create_external 0000000180007ac5 f   node:node.exe
 0001:00006ad1       __imp_load_napi_create_string_utf8 0000000180007ad1 f   node:node.exe
 0001:00006add       __imp_load_napi_module_register 0000000180007add f   node:node.exe
 0001:00006ae9       __imp_load_napi_set_named_property 0000000180007ae9 f   node:node.exe
 0001:00006af5       __imp_load_napi_create_external_buffer 0000000180007af5 f   node:node.exe
 0001:00006b01       __imp_load_napi_get_named_property 0000000180007b01 f   node:node.exe
 0001:00006b0d       __imp_load_napi_get_value_int64 0000000180007b0d f   node:node.exe
 0001:00006b19       __imp_load_napi_define_properties 0000000180007b19 f   node:node.exe
 0001:00006b25       __imp_load_napi_typeof     0000000180007b25 f   node:node.exe
 0001:00006b31       __imp_load_napi_throw      0000000180007b31 f   node:node.exe
 0001:00006b3d       __imp_load_napi_get_value_uint32 0000000180007b3d f   node:node.exe
 0001:00006b49       __imp_load_napi_get_and_clear_last_exception 0000000180007b49 f   node:node.exe
 0001:00006b55       __imp_load_napi_create_object 0000000180007b55 f   node:node.exe
 0001:00006b61       __imp_load_napi_get_undefined 0000000180007b61 f   node:node.exe
 0001:00006b6d       __imp_load_napi_get_typedarray_info 0000000180007b6d f   node:node.exe
 0001:00006b79       __imp_load_napi_get_cb_info 0000000180007b79 f   node:node.exe
 0001:00006b85       __imp_load_napi_open_escapable_handle_scope 0000000180007b85 f   node:node.exe
 0001:00006b91       __imp_load_napi_create_reference 0000000180007b91 f   node:node.exe
 0001:00006b9d       __imp_load_napi_close_handle_scope 0000000180007b9d f   node:node.exe
 0001:00006ba9       __imp_load_napi_create_double 0000000180007ba9 f   node:node.exe
 0001:00006bb5       __imp_load_napi_get_reference_value 0000000180007bb5 f   node:node.exe
 0001:00006bc4       ??0bad_alloc@std@@QEAA@AEBV01@@Z 0000000180007bc4 f i libcpmt:xthrow.obj
 0001:00006c04       ??0bad_alloc@std@@QEAA@XZ  0000000180007c04 f i libcpmt:xthrow.obj
 0001:00006c24       ??0exception@std@@QEAA@AEBV01@@Z 0000000180007c24 f i libcpmt:xthrow.obj
 0001:00006c5c       ??0length_error@std@@QEAA@AEBV01@@Z 0000000180007c5c f i libcpmt:xthrow.obj
 0001:00006c9c       ??0length_error@std@@QEAA@PEBD@Z 0000000180007c9c f i libcpmt:xthrow.obj
 0001:00006ce8       ??0logic_error@std@@QEAA@AEBV01@@Z 0000000180007ce8 f i libcpmt:xthrow.obj
 0001:00006d28       ??1bad_alloc@std@@UEAA@XZ  0000000180007d28 f i libcpmt:xthrow.obj
 0001:00006d28       ??1bad_array_new_length@std@@UEAA@XZ 0000000180007d28 f i LIBCMT:throw_bad_alloc.obj
 0001:00006d28       ??1length_error@std@@UEAA@XZ 0000000180007d28 f i libcpmt:xthrow.obj
 0001:00006d28       ??1bad_exception@std@@UEAA@XZ 0000000180007d28 f i libvcruntime:frame.obj
 0001:00006d3c       ??_Ebad_exception@std@@UEAAPEAXI@Z 0000000180007d3c f i libvcruntime:frame.obj
 0001:00006d3c       ??_Glength_error@std@@UEAAPEAXI@Z 0000000180007d3c f i libcpmt:xthrow.obj
 0001:00006d3c       ??_Ebad_array_new_length@std@@UEAAPEAXI@Z 0000000180007d3c f i LIBCMT:throw_bad_alloc.obj
 0001:00006d3c       ??_Eexception@std@@UEAAPEAXI@Z 0000000180007d3c f i libcpmt:xthrow.obj
 0001:00006d3c       ??_Elogic_error@std@@UEAAPEAXI@Z 0000000180007d3c f i libcpmt:xthrow.obj
 0001:00006d3c       ??_Gexception@std@@UEAAPEAXI@Z 0000000180007d3c f i libcpmt:xthrow.obj
 0001:00006d3c       ??_Gbad_alloc@std@@UEAAPEAXI@Z 0000000180007d3c f i libcpmt:xthrow.obj
 0001:00006d3c       ??_Gbad_exception@std@@UEAAPEAXI@Z 0000000180007d3c f i libvcruntime:frame.obj
 0001:00006d3c       ??_Glogic_error@std@@UEAAPEAXI@Z 0000000180007d3c f i libcpmt:xthrow.obj
 0001:00006d3c       ??_Ebad_alloc@std@@UEAAPEAXI@Z 0000000180007d3c f i libcpmt:xthrow.obj
 0001:00006d3c       ??_Elength_error@std@@UEAAPEAXI@Z 0000000180007d3c f i libcpmt:xthrow.obj
 0001:00006d3c       ??_Gbad_array_new_length@std@@UEAAPEAXI@Z 0000000180007d3c f i LIBCMT:throw_bad_alloc.obj
 0001:00006d80       ?_Xlength_error@std@@YAXPEBD@Z 0000000180007d80 f   libcpmt:xthrow.obj
 0001:00006da4       ?what@exception@std@@UEBAPEBDXZ 0000000180007da4 f i libcpmt:xthrow.obj
 0001:00006dd0       __security_check_cookie    0000000180007dd0 f   LIBCMT:amdsecgs.obj
 0001:00006df4       ??3@YAXPEAX_K@Z            0000000180007df4 f   LIBCMT:delete_scalar_size.obj
 0001:00006df4       ??_V@YAXPEAX@Z             0000000180007df4 f   LIBCMT:delete_array.obj
 0001:00006dfc       ??2@YAPEAX_K@Z             0000000180007dfc f   LIBCMT:new_scalar.obj
 0001:00006e38       ??_U@YAPEAX_K@Z            0000000180007e38 f   LIBCMT:new_array.obj
 0001:00006e40       ??_Etype_info@@UEAAPEAXI@Z 0000000180007e40 f i LIBCMT:std_type_info_static.obj
 0001:00006e40       ??_Gtype_info@@UEAAPEAXI@Z 0000000180007e40 f i LIBCMT:std_type_info_static.obj
 0001:0000719c       _DllMainCRTStartup         000000018000819c f   LIBCMT:dll_dllmain.obj
 0001:000071dc       __raise_securityfailure    00000001800081dc f   LIBCMT:gs_report.obj
 0001:00007210       __report_gsfailure         0000000180008210 f   LIBCMT:gs_report.obj
 0001:000072e4       __report_rangecheckfailure 00000001800082e4 f   LIBCMT:gs_report.obj
 0001:000072f8       __report_securityfailure   00000001800082f8 f   LIBCMT:gs_report.obj
 0001:00007478       ??3@YAXPEAX@Z              0000000180008478 f   LIBCMT:delete_scalar.obj
 0001:00007480       ??0bad_array_new_length@std@@QEAA@AEBV01@@Z 0000000180008480 f i LIBCMT:throw_bad_alloc.obj
 0001:000074c0       ??0bad_array_new_length@std@@QEAA@XZ 00000001800084c0 f i LIBCMT:throw_bad_alloc.obj
 0001:000074e0       ?__scrt_throw_std_bad_alloc@@YAXXZ 00000001800084e0 f   LIBCMT:throw_bad_alloc.obj
 0001:00007500       ?__scrt_throw_std_bad_array_new_length@@YAXXZ 0000000180008500 f   LIBCMT:throw_bad_alloc.obj
 0001:00007520       __security_init_cookie     0000000180008520 f   LIBCMT:gs_support.obj
 0001:000075cc       _get_startup_argv_mode     00000001800085cc f   LIBCMT:argv_mode.obj
 0001:000075cc       DllMain                    00000001800085cc f   LIBCMT:dll_dllmain_stub.obj
 0001:000075d4       ?__scrt_initialize_type_info@@YAXXZ 00000001800085d4 f   LIBCMT:tncleanup.obj
 0001:000075e4       ?__scrt_uninitialize_type_info@@YAXXZ 00000001800085e4 f   LIBCMT:tncleanup.obj
 0001:000075f0       __local_stdio_scanf_options 00000001800085f0 f i LIBCMT:default_local_stdio_options.obj
 0001:000075f8       __scrt_initialize_default_local_stdio_options 00000001800085f8 f   LIBCMT:default_local_stdio_options.obj
 0001:00007614       __scrt_acquire_startup_lock 0000000180008614 f   LIBCMT:utility.obj
 0001:00007650       __scrt_dllmain_after_initialize_c 0000000180008650 f   LIBCMT:utility.obj
 0001:00007684       __scrt_dllmain_before_initialize_c 0000000180008684 f   LIBCMT:utility.obj
 0001:0000769c       __scrt_dllmain_crt_thread_attach 000000018000869c f   LIBCMT:utility.obj
 0001:000076c4       __scrt_dllmain_crt_thread_detach 00000001800086c4 f   LIBCMT:utility.obj
 0001:000076dc       __scrt_dllmain_exception_filter 00000001800086dc f   LIBCMT:utility.obj
 0001:0000773c       __scrt_dllmain_uninitialize_c 000000018000873c f   LIBCMT:utility.obj
 0001:0000776c       __scrt_dllmain_uninitialize_critical 000000018000876c f   LIBCMT:utility.obj
 0001:00007780       __scrt_initialize_crt      0000000180008780 f   LIBCMT:utility.obj
 0001:000077cc       __scrt_initialize_onexit_tables 00000001800087cc f   LIBCMT:utility.obj
 0001:000078a4       __scrt_is_nonwritable_in_current_image 00000001800088a4 f   LIBCMT:utility.obj
 0001:00007940       __scrt_release_startup_lock 0000000180008940 f   LIBCMT:utility.obj
 0001:00007964       __scrt_uninitialize_crt    0000000180008964 f   LIBCMT:utility.obj
 0001:00007990       __scrt_get_dyn_tls_init_callback 0000000180008990 f   LIBCMT:dyn_tls_init.obj
 0001:00007998       __crt_debugger_hook        0000000180008998 f   LIBCMT:utility_desktop.obj
 0001:000079a0       __scrt_fastfail            00000001800089a0 f   LIBCMT:utility_desktop.obj
 0001:00007aec       _RTC_Initialize            0000000180008aec f   LIBCMT:initsect.obj
 0001:00007b28       _RTC_Terminate             0000000180008b28 f   LIBCMT:initsect.obj
 0001:00007b64       __isa_available_init       0000000180008b64 f   LIBCMT:cpu_disp.obj
 0001:00007ce0       __scrt_is_ucrt_dll_in_use  0000000180008ce0 f   LIBCMT:ucrt_detection.obj
 0001:00007cf0       ??$_CallSETranslator@V__FrameHandler3@@@@YAHPEAUEHExceptionRecord@@PEA_KPEAU_CONTEXT@@PEAU_xDISPATCHER_CONTEXT@@PEBU_s_FuncInfo@@K1@Z 0000000180008cf0 f i libvcruntime:risctrnsctrl.obj
 0001:00007d44       ?CatchTryBlock@__FrameHandler3@@SAPEBU_s_TryBlockMapEntry@@PEBU_s_FuncInfo@@H@Z 0000000180008d44 f   libvcruntime:risctrnsctrl.obj
 0001:00007d9c       ?ExecutionInCatch@__FrameHandler3@@SA_NPEAU_xDISPATCHER_CONTEXT@@PEBU_s_FuncInfo@@@Z 0000000180008d9c f   libvcruntime:risctrnsctrl.obj
 0001:00007dc8       ?FrameUnwindToEmptyState@__FrameHandler3@@SAXPEA_KPEAU_xDISPATCHER_CONTEXT@@PEBU_s_FuncInfo@@@Z 0000000180008dc8 f   libvcruntime:risctrnsctrl.obj
 0001:00007e2c       ?GetEstablisherFrame@__FrameHandler3@@SAPEA_KPEA_KPEAU_xDISPATCHER_CONTEXT@@PEBU_s_FuncInfo@@0@Z 0000000180008e2c f   libvcruntime:risctrnsctrl.obj
 0001:00007ef8       ?GetRangeOfTrysToCheck@__FrameHandler3@@SA?AU?$pair@Viterator@TryBlockMap@__FrameHandler3@@V123@@std@@AEAVTryBlockMap@1@HH@Z 0000000180008ef8 f   libvcruntime:risctrnsctrl.obj
 0001:00008054       ?UnwindNestedFrames@__FrameHandler3@@SAXPEA_KPEAUEHExceptionRecord@@PEAU_CONTEXT@@0PEAXPEBU_s_FuncInfo@@HHPEBU_s_HandlerType@@PEAU_xDISPATCHER_CONTEXT@@E@Z 0000000180009054 f   libvcruntime:risctrnsctrl.obj
 0001:00008178       _CreateFrameInfo           0000000180009178 f   libvcruntime:risctrnsctrl.obj
 0001:000081b4       _FindAndUnlinkFrame        00000001800091b4 f   libvcruntime:risctrnsctrl.obj
 0001:00008208       _GetImageBase              0000000180009208 f   libvcruntime:risctrnsctrl.obj
 0001:0000821c       _GetThrowImageBase         000000018000921c f   libvcruntime:risctrnsctrl.obj
 0001:00008230       _SetImageBase              0000000180009230 f   libvcruntime:risctrnsctrl.obj
 0001:00008248       _SetThrowImageBase         0000000180009248 f   libvcruntime:risctrnsctrl.obj
 0001:00008260       __CxxFrameHandler3         0000000180009260 f   libvcruntime:risctrnsctrl.obj
 0001:000082e0       __DestructExceptionObject  00000001800092e0 f   libvcruntime:ehhelpers.obj
 0001:00008354       ?_CallMemberFunction0@@YAXQEAX0@Z 0000000180009354 f i libvcruntime:ehhelpers.obj
 0001:00008358       _IsExceptionObjectToBeDestroyed 0000000180009358 f   libvcruntime:ehhelpers.obj
 0001:00008388       __AdjustPointer            0000000180009388 f   libvcruntime:ehhelpers.obj
 0001:000083ac       __FrameUnwindFilter        00000001800093ac f   libvcruntime:ehhelpers.obj
 0001:000083f8       __std_exception_copy       00000001800093f8 f   libvcruntime:std_exception.obj
 0001:00008488       __std_exception_destroy    0000000180009488 f   libvcruntime:std_exception.obj
 0001:000084b0       _CxxThrowException         00000001800094b0 f   libvcruntime:throw.obj
 0001:00008570       __C_specific_handler       0000000180009570 f   libvcruntime:riscchandler.obj
 0001:0000877c       __std_type_info_compare    000000018000977c f   libvcruntime:std_type_info.obj
 0001:000087a4       __std_type_info_destroy_list 00000001800097a4 f   libvcruntime:std_type_info.obj
 0001:000087d0       __vcrt_initialize          00000001800097d0 f   libvcruntime:initialization.obj
 0001:00008804       __vcrt_thread_attach       0000000180009804 f   libvcruntime:initialization.obj
 0001:00008818       __vcrt_thread_detach       0000000180009818 f   libvcruntime:initialization.obj
 0001:0000882c       __vcrt_uninitialize        000000018000982c f   libvcruntime:initialization.obj
 0001:0000884c       __vcrt_uninitialize_critical 000000018000984c f   libvcruntime:initialization.obj
 0001:00008870       memset_repmovs             0000000180009870 f   libvcruntime:memset.obj
 0001:00008890       memset                     0000000180009890 f   libvcruntime:memset.obj
 0001:00008a20       __vcrt_freefls             0000000180009a20 f   libvcruntime:per_thread_data.obj
 0001:00008a40       __vcrt_freeptd             0000000180009a40 f   libvcruntime:per_thread_data.obj
 0001:00008a90       __vcrt_getptd              0000000180009a90 f   libvcruntime:per_thread_data.obj
 0001:00008aac       __vcrt_getptd_noexit       0000000180009aac f   libvcruntime:per_thread_data.obj
 0001:00008b78       __vcrt_initialize_ptd      0000000180009b78 f   libvcruntime:per_thread_data.obj
 0001:00008bcc       __vcrt_uninitialize_ptd    0000000180009bcc f   libvcruntime:per_thread_data.obj
 0001:00008bf0       ?GetCurrentState@__FrameHandler3@@SAHPEA_KPEAU_xDISPATCHER_CONTEXT@@PEBU_s_FuncInfo@@@Z 0000000180009bf0 f   libvcruntime:ehstate.obj
 0001:00008c18       ?GetUnwindTryBlock@__FrameHandler3@@SAHPEA_KPEAU_xDISPATCHER_CONTEXT@@PEBU_s_FuncInfo@@@Z 0000000180009c18 f   libvcruntime:ehstate.obj
 0001:00008c44       ?SetState@__FrameHandler3@@SAXPEA_KPEBU_s_FuncInfo@@H@Z 0000000180009c44 f   libvcruntime:ehstate.obj
 0001:00008c50       ?SetUnwindTryBlock@__FrameHandler3@@SAXPEA_KPEAU_xDISPATCHER_CONTEXT@@PEBU_s_FuncInfo@@H@Z 0000000180009c50 f   libvcruntime:ehstate.obj
 0001:00008c8c       ?StateFromControlPc@__FrameHandler3@@SAHPEBU_s_FuncInfo@@PEAU_xDISPATCHER_CONTEXT@@@Z 0000000180009c8c f   libvcruntime:ehstate.obj
 0001:00008c94       ?StateFromIp@__FrameHandler3@@SAHPEBU_s_FuncInfo@@PEAU_xDISPATCHER_CONTEXT@@_K@Z 0000000180009c94 f   libvcruntime:ehstate.obj
 0001:00009720       ??$TypeMatchHelper@V__FrameHandler3@@@@YAHPEBU_s_HandlerType@@PEBU_s_CatchableType@@PEBU_s_ThrowInfo@@@Z 000000018000a720 f i libvcruntime:frame.obj
 0001:00009864       ??$__InternalCxxFrameHandler@V__FrameHandler3@@@@YA?AW4_EXCEPTION_DISPOSITION@@PEAUEHExceptionRecord@@PEA_KPEAU_CONTEXT@@PEAU_xDISPATCHER_CONTEXT@@PEBU_s_FuncInfo@@H1E@Z 000000018000a864 f i libvcruntime:frame.obj
 0001:00009aac       ??0bad_exception@std@@QEAA@AEBV01@@Z 000000018000aaac f i libvcruntime:frame.obj
 0001:00009aec       ??0bad_exception@std@@QEAA@XZ 000000018000aaec f i libvcruntime:frame.obj
 0001:00009b0c       ?CxxCallCatchBlock@__FrameHandler3@@SAPEAXPEAU_EXCEPTION_RECORD@@@Z 000000018000ab0c f   libvcruntime:frame.obj
 0001:00009d80       ?FrameUnwindToState@__FrameHandler3@@SAXPEA_KPEAU_xDISPATCHER_CONTEXT@@PEBU_s_FuncInfo@@H@Z 000000018000ad80 f   libvcruntime:frame.obj
 0001:00009f14       ?GetHandlerSearchState@__FrameHandler3@@SAHPEA_KPEAU_xDISPATCHER_CONTEXT@@PEBU_s_FuncInfo@@@Z 000000018000af14 f i libvcruntime:frame.obj
 0001:0000a118       ?_CallMemberFunction1@@YAXQEAX00@Z 000000018000b118 f i libvcruntime:frame.obj
 0001:0000a124       ?_CallMemberFunction2@@YAXQEAX00H@Z 000000018000b124 f i libvcruntime:frame.obj
 0001:0000a150       _NLG_Notify                000000018000b150 f   libvcruntime:notify.obj
 0001:0000a170       __NLG_Dispatch2            000000018000b170 f   libvcruntime:notify.obj
 0001:0000a180       __NLG_Return2              000000018000b180 f   libvcruntime:notify.obj
 0001:0000a184       __except_validate_context_record 000000018000b184 f   libvcruntime:jbcxrval.obj
 0001:0000a1bc       __vcrt_initialize_locks    000000018000b1bc f   libvcruntime:locks.obj
 0001:0000a204       __vcrt_uninitialize_locks  000000018000b204 f   libvcruntime:locks.obj
 0001:0000a414       __vcrt_FlsAlloc            000000018000b414 f   libvcruntime:winapi_downlevel.obj
 0001:0000a45c       __vcrt_FlsFree             000000018000b45c f   libvcruntime:winapi_downlevel.obj
 0001:0000a4a4       __vcrt_FlsGetValue         000000018000b4a4 f   libvcruntime:winapi_downlevel.obj
 0001:0000a4ec       __vcrt_FlsSetValue         000000018000b4ec f   libvcruntime:winapi_downlevel.obj
 0001:0000a540       __vcrt_InitializeCriticalSectionEx 000000018000b540 f   libvcruntime:winapi_downlevel.obj
 0001:0000a5a4       __vcrt_initialize_winapi_thunks 000000018000b5a4 f   libvcruntime:winapi_downlevel.obj
 0001:0000a5d4       __vcrt_uninitialize_winapi_thunks 000000018000b5d4 f   libvcruntime:winapi_downlevel.obj
 0001:0000a614       __vcrt_initialize_pure_virtual_call_handler 000000018000b614 f   libvcruntime:purevirt_data.obj
 0001:0000a640       _CallSettingFrame          000000018000b640 f   libvcruntime:handlers.obj
 0001:0000a690       _CallSettingFrameEncoded   000000018000b690 f   libvcruntime:handlers.obj
 0001:0000a6f0       memcpy_repmovs             000000018000b6f0 f   libvcruntime:memcpy.obj
 0001:0000a710       memmove                    000000018000b710 f   libvcruntime:memcpy.obj
 0001:0000a710       memcpy                     000000018000b710 f   libvcruntime:memcpy.obj
 0001:0000ab38       ??$is_overflow_condition@_K@__crt_strtox@@YA_NI_K@Z 000000018000bb38 f i libucrt:strtox.obj
 0001:0000ab68       ??$parse_integer@KV?$c_string_character_source@D@__crt_strtox@@@__crt_strtox@@YAKQEAU__crt_locale_pointers@@V?$c_string_character_source@D@0@H_N@Z 000000018000bb68 f i libucrt:strtox.obj
 0001:0000aea4       ??$parse_integer@_KV?$c_string_character_source@D@__crt_strtox@@@__crt_strtox@@YA_KQEAU__crt_locale_pointers@@V?$c_string_character_source@D@0@H_N@Z 000000018000bea4 f i libucrt:strtox.obj
 0001:0000b1d4       ??0_LocaleUpdate@@QEAA@QEAU__crt_locale_pointers@@@Z 000000018000c1d4 f i libucrt:strtox.obj
 0001:0000b270       _strtoi64                  000000018000c270 f   libucrt:strtox.obj
 0001:0000b29c       _strtoui64                 000000018000c29c f   libucrt:strtox.obj
 0001:0000b2c8       strtol                     000000018000c2c8 f   libucrt:strtox.obj
 0001:0000b4c0       ??$ensure_buffer_is_big_enough@D@formatting_buffer@__crt_stdio_output@@QEAA_N_K@Z 000000018000c4c0 f i libucrt:output.obj
 0001:0000b568       ??$type_case_integer_parse_into_buffer@I@?$output_processor@DV?$string_output_adapter@D@__crt_stdio_output@@V?$format_validation_base@DV?$string_output_adapter@D@__crt_stdio_output@@@2@@__crt_stdio_output@@AEAAXII_N@Z 000000018000c568 f i libucrt:output.obj
 0001:0000b5f8       ??$type_case_integer_parse_into_buffer@_K@?$output_processor@DV?$string_output_adapter@D@__crt_stdio_output@@V?$format_validation_base@DV?$string_output_adapter@D@__crt_stdio_output@@@2@@__crt_stdio_output@@AEAAX_KI_N@Z 000000018000c5f8 f i libucrt:output.obj
 0001:0000b68c       ??$write_multiple_characters@V?$string_output_adapter@D@__crt_stdio_output@@D@__crt_stdio_output@@YAXAEBV?$string_output_adapter@D@0@DHQEAH@Z 000000018000c68c f i libucrt:output.obj
 0001:0000b704       ?crop_zeroes@__crt_stdio_output@@YAXPEADQEAU__crt_locale_pointers@@@Z 000000018000c704 f i libucrt:output.obj
 0001:0000b770       ?force_decimal_point@__crt_stdio_output@@YAXPEADQEAU__crt_locale_pointers@@@Z 000000018000c770 f i libucrt:output.obj
 0001:0000b7e0       ?parse_int_from_format_string@?$output_processor@DV?$string_output_adapter@D@__crt_stdio_output@@V?$format_validation_base@DV?$string_output_adapter@D@__crt_stdio_output@@@2@@__crt_stdio_output@@AEAA_NQEAH@Z 000000018000c7e0 f i libucrt:output.obj
 0001:0000b884       ?process@?$output_processor@DV?$string_output_adapter@D@__crt_stdio_output@@V?$format_validation_base@DV?$string_output_adapter@D@__crt_stdio_output@@@2@@__crt_stdio_output@@QEAAHXZ 000000018000c884 f i libucrt:output.obj
 0001:0000ba9c       ?state_case_normal@?$output_processor@DV?$string_output_adapter@D@__crt_stdio_output@@V?$format_validation_base@DV?$string_output_adapter@D@__crt_stdio_output@@@2@@__crt_stdio_output@@AEAA_NXZ 000000018000ca9c f i libucrt:output.obj
 0001:0000bb10       ?state_case_normal_tchar@?$output_processor@DV?$string_output_adapter@D@__crt_stdio_output@@V?$format_validation_base@DV?$string_output_adapter@D@__crt_stdio_output@@@2@@__crt_stdio_output@@AEAA_ND@Z 000000018000cb10 f i libucrt:output.obj
 0001:0000bbb8       ?state_case_size@?$output_processor@DV?$string_output_adapter@D@__crt_stdio_output@@V?$format_validation_base@DV?$string_output_adapter@D@__crt_stdio_output@@@2@@__crt_stdio_output@@AEAA_NXZ 000000018000cbb8 f i libucrt:output.obj
 0001:0000bd2c       ?state_case_type@?$output_processor@DV?$string_output_adapter@D@__crt_stdio_output@@V?$format_validation_base@DV?$string_output_adapter@D@__crt_stdio_output@@@2@@__crt_stdio_output@@AEAA_NXZ 000000018000cd2c f i libucrt:output.obj
 0001:0000bf94       ?type_case_Z@?$output_processor@DV?$string_output_adapter@D@__crt_stdio_output@@V?$format_validation_base@DV?$string_output_adapter@D@__crt_stdio_output@@@2@@__crt_stdio_output@@AEAA_NXZ 000000018000cf94 f i libucrt:output.obj
 0001:0000c00c       ?type_case_a@?$output_processor@DV?$string_output_adapter@D@__crt_stdio_output@@V?$format_validation_base@DV?$string_output_adapter@D@__crt_stdio_output@@@2@@__crt_stdio_output@@AEAA_NXZ 000000018000d00c f i libucrt:output.obj
 0001:0000c1c8       ?type_case_c_tchar@?$output_processor@DV?$string_output_adapter@D@__crt_stdio_output@@V?$format_validation_base@DV?$string_output_adapter@D@__crt_stdio_output@@@2@@__crt_stdio_output@@AEAA_ND@Z 000000018000d1c8 f i libucrt:output.obj
 0001:0000c284       ?type_case_integer@?$output_processor@DV?$string_output_adapter@D@__crt_stdio_output@@V?$format_validation_base@DV?$string_output_adapter@D@__crt_stdio_output@@@2@@__crt_stdio_output@@AEAA_NI_N@Z 000000018000d284 f i libucrt:output.obj
 0001:0000c44c       ?type_case_n@?$output_processor@DV?$string_output_adapter@D@__crt_stdio_output@@V?$format_validation_base@DV?$string_output_adapter@D@__crt_stdio_output@@@2@@__crt_stdio_output@@AEAA_NXZ 000000018000d44c f i libucrt:output.obj
 0001:0000c528       ?type_case_s@?$output_processor@DV?$string_output_adapter@D@__crt_stdio_output@@V?$format_validation_base@DV?$string_output_adapter@D@__crt_stdio_output@@@2@@__crt_stdio_output@@AEAA_NXZ 000000018000d528 f i libucrt:output.obj
 0001:0000c5c0       ?write_stored_string_tchar@?$output_processor@DV?$string_output_adapter@D@__crt_stdio_output@@V?$format_validation_base@DV?$string_output_adapter@D@__crt_stdio_output@@@2@@__crt_stdio_output@@AEAA_ND@Z 000000018000d5c0 f i libucrt:output.obj
 0001:0000c698       ?write_string@?$string_output_adapter@D@__crt_stdio_output@@QEBAXQEBDHQEAHAEAV__crt_deferred_errno_cache@@@Z 000000018000d698 f i libucrt:output.obj
 0001:0000c73c       __stdio_common_vsnprintf_s 000000018000d73c f   libucrt:output.obj
 0001:0000c870       __acrt_errno_from_os_error 000000018000d870 f   libucrt:errno.obj
 0001:0000c8b8       __acrt_errno_map_os_error  000000018000d8b8 f   libucrt:errno.obj
 0001:0000c908       __doserrno                 000000018000d908 f   libucrt:errno.obj
 0001:0000c928       _errno                     000000018000d928 f   libucrt:errno.obj
 0001:0000c948       strerror                   000000018000d948 f   libucrt:strerror.obj
 0001:0000c9f0       __acrt_call_reportfault    000000018000d9f0 f   libucrt:invalid_parameter.obj
 0001:0000cb4c       __acrt_initialize_invalid_parameter_handler 000000018000db4c f   libucrt:invalid_parameter.obj
 0001:0000cb54       _invalid_parameter         000000018000db54 f   libucrt:invalid_parameter.obj
 0001:0000cc04       _invalid_parameter_noinfo  000000018000dc04 f   libucrt:invalid_parameter.obj
 0001:0000cc24       _invalid_parameter_noinfo_noreturn 000000018000dc24 f   libucrt:invalid_parameter.obj
 0001:0000cc54       _invoke_watson             000000018000dc54 f   libucrt:invalid_parameter.obj
 0001:0000cc9c       __ascii_stricmp            000000018000dc9c f   libucrt:stricmp.obj
 0001:0000ccdc       _stricmp                   000000018000dcdc f   libucrt:stricmp.obj
 0001:0000cd24       _stricmp_l                 000000018000dd24 f   libucrt:stricmp.obj
 0001:0000cdd8       __acrt_initialize_new_handler 000000018000ddd8 f   libucrt:new_handler.obj
 0001:0000cde0       _callnewh                  000000018000dde0 f   libucrt:new_handler.obj
 0001:0000ce10       _query_new_handler         000000018000de10 f   libucrt:new_handler.obj
 0001:0000ce44       malloc                     000000018000de44 f   libucrt:malloc.obj
 0001:0000ce4c       _initterm                  000000018000de4c f   libucrt:initterm.obj
 0001:0000ceb0       _initterm_e                000000018000deb0 f   libucrt:initterm.obj
 0001:0000cef0       free                       000000018000def0 f   libucrt:free.obj
 0001:0000cf04       _seh_filter_dll            000000018000df04 f   libucrt:exception_filter.obj
 0001:0000cf18       _seh_filter_exe            000000018000df18 f   libucrt:exception_filter.obj
 0001:0000d308       __acrt_initialize_thread_local_exit_callback 000000018000e308 f   libucrt:exit.obj
 0001:0000d310       _cexit                     000000018000e310 f   libucrt:exit.obj
 0001:0000d320       _exit                      000000018000e320 f   libucrt:exit.obj
 0001:0000d32c       _is_c_termination_complete 000000018000e32c f   libucrt:exit.obj
 0001:0000d4f8       __acrt_allocate_buffer_for_argv 000000018000e4f8 f   libucrt:argv_parsing.obj
 0001:0000d558       _configure_narrow_argv     000000018000e558 f   libucrt:argv_parsing.obj
 0001:0000d8d0       __dcrt_uninitialize_environments_nolock 000000018000e8d0 f   libucrt:environment_initialization.obj
 0001:0000d908       _initialize_narrow_environment 000000018000e908 f   libucrt:environment_initialization.obj
 0001:0000da64       _execute_onexit_table      000000018000ea64 f   libucrt:onexit.obj
 0001:0000daa0       _initialize_onexit_table   000000018000eaa0 f   libucrt:onexit.obj
 0001:0000db00       __acrt_uninitialize_command_line 000000018000eb00 f   libucrt:argv_data.obj
 0001:0000dbf8       __acrt_initialize          000000018000ebf8 f   libucrt:initialization.obj
 0001:0000dc0c       __acrt_thread_attach       000000018000ec0c f   libucrt:initialization.obj
 0001:0000dc20       __acrt_thread_detach       000000018000ec20 f   libucrt:initialization.obj
 0001:0000dc30       __acrt_uninitialize        000000018000ec30 f   libucrt:initialization.obj
 0001:0000dc68       __acrt_uninitialize_critical 000000018000ec68 f   libucrt:initialization.obj
 0001:0000dc78       terminate                  000000018000ec78 f   libucrt:terminate.obj
 0001:0000dc98       strcpy_s                   000000018000ec98 f   libucrt:strcpy_s.obj
 0001:0000dcf8       abort                      000000018000ecf8 f   libucrt:abort.obj
 0001:0000dd50       calloc                     000000018000ed50 f   libucrt:calloc.obj
 0001:0000dd70       strncmp                    000000018000ed70 f   libucrt:strncmp.obj
 0001:0000ddf0       wcsncmp                    000000018000edf0 f   libucrt:wcsncmp.obj
 0001:0000de1c       __pctype_func              000000018000ee1c f   libucrt:ctype.obj
 0001:0000de4c       _isctype_l                 000000018000ee4c f   libucrt:isctype.obj
 0001:0000e2d4       __acrt_freeptd             000000018000f2d4 f   libucrt:per_thread_data.obj
 0001:0000e318       __acrt_getptd              000000018000f318 f   libucrt:per_thread_data.obj
 0001:0000e3ec       __acrt_getptd_head         000000018000f3ec f   libucrt:per_thread_data.obj
 0001:0000e494       __acrt_getptd_noexit       000000018000f494 f   libucrt:per_thread_data.obj
 0001:0000e560       __acrt_initialize_ptd      000000018000f560 f   libucrt:per_thread_data.obj
 0001:0000e59c       __acrt_uninitialize_ptd    000000018000f59c f   libucrt:per_thread_data.obj
 0001:0000e5c0       __acrt_update_locale_info  000000018000f5c0 f   libucrt:locale_update.obj
 0001:0000e5f4       __acrt_update_multibyte_info 000000018000f5f4 f   libucrt:locale_update.obj
 0001:0000e698       __acrt_set_locale_changed  000000018000f698 f   libucrt:wsetlocale.obj
 0001:0000e6a4       __acrt_uninitialize_locale 000000018000f6a4 f   libucrt:wsetlocale.obj
 0001:0000e6d4       isdigit                    000000018000f6d4 f i libucrt:_ctype.obj
 0001:0000e7c8       _tolower_l                 000000018000f7c8 f   libucrt:tolower_toupper.obj
 0001:0000e908       tolower                    000000018000f908 f   libucrt:tolower_toupper.obj
 0001:0000e934       _free_base                 000000018000f934 f   libucrt:free_base.obj
 0001:0000e974       _malloc_base               000000018000f974 f   libucrt:malloc_base.obj
 0001:0000e9d4       _mbtowc_l                  000000018000f9d4 f   libucrt:mbtowc.obj
 0001:0000eb50       mbtowc                     000000018000fb50 f   libucrt:mbtowc.obj
 0001:0000eb58       _wctomb_s_l                000000018000fb58 f   libucrt:wctomb.obj
 0001:0000ecf8       wctomb_s                   000000018000fcf8 f   libucrt:wctomb.obj
 0001:0000ed0c       strnlen                    000000018000fd0c f   libucrt:strnlen.obj
 0001:0000ee5c       wcsnlen                    000000018000fe5c f   libucrt:strnlen.obj
 0001:0000fa08       __acrt_fp_format           0000000180010a08 f   libucrt:cvt.obj
 0001:0000fc90       _fileno                    0000000180010c90 f   libucrt:fileno.obj
 0001:0000fcb8       __acrt_initialize_stdio    0000000180010cb8 f   libucrt:_file.obj
 0001:0000fdd8       __acrt_uninitialize_stdio  0000000180010dd8 f   libucrt:_file.obj
 0001:0000fe34       _lock_file                 0000000180010e34 f   libucrt:_file.obj
 0001:0000fe40       _unlock_file               0000000180010e40 f   libucrt:_file.obj
 0001:0000fe4c       _get_printf_count_output   0000000180010e4c f   libucrt:printf_count_output.obj
 0001:00010060       __acrt_initialize_lowio    0000000180011060 f   libucrt:ioinit.obj
 0001:0001009c       __acrt_uninitialize_lowio  000000018001109c f   libucrt:ioinit.obj
 0001:000100dc       _calloc_base               00000001800110dc f   libucrt:calloc_base.obj
 0001:00010154       __sys_errlist              0000000180011154 f   libucrt:syserr.obj
 0001:0001015c       __sys_nerr                 000000018001115c f   libucrt:syserr.obj
 0001:00010164       strncpy_s                  0000000180011164 f   libucrt:strncpy_s.obj
 0001:00010238       __acrt_initialize_locks    0000000180011238 f   libucrt:locks.obj
 0001:00010280       __acrt_lock                0000000180011280 f   libucrt:locks.obj
 0001:0001029c       __acrt_uninitialize_locks  000000018001129c f   libucrt:locks.obj
 0001:000102d4       __acrt_unlock              00000001800112d4 f   libucrt:locks.obj
 0001:000102f0       __acrt_get_process_end_policy 00000001800112f0 f   libucrt:win_policies.obj
 0001:00010340       ??$__acrt_mbs_to_wcs_cp@U__crt_win32_buffer_internal_dynamic_resizing@@@@YAHQEBDAEAV?$__crt_win32_buffer@_WU__crt_win32_buffer_internal_dynamic_resizing@@@@I@Z 0000000180011340 f i libucrt:argv_wildcards.obj
 0001:000104b8       ??$__acrt_wcs_to_mbs_cp@U__crt_win32_buffer_internal_dynamic_resizing@@@@YAHQEB_WAEAV?$__crt_win32_buffer@DU__crt_win32_buffer_internal_dynamic_resizing@@@@I@Z 00000001800114b8 f i libucrt:argv_wildcards.obj
 0001:00010ce8       __acrt_expand_narrow_argv_wildcards 0000000180011ce8 f   libucrt:argv_wildcards.obj
 0001:00010cf0       ??$__acrt_wcs_to_mbs_cp@U__crt_win32_buffer_no_resizing@@@@YAHQEB_WAEAV?$__crt_win32_buffer@DU__crt_win32_buffer_no_resizing@@@@I@Z 0000000180011cf0 f i libucrt:getmodulefilenamea.obj
 0001:00010e04       __acrt_GetModuleFileNameA  0000000180011e04 f   libucrt:getmodulefilenamea.obj
 0001:00011650       __acrt_initialize_multibyte 0000000180012650 f   libucrt:mbctype.obj
 0001:000116b0       __acrt_update_thread_multibyte_data 00000001800126b0 f   libucrt:mbctype.obj
 0001:000116cc       _setmbcp_nolock            00000001800126cc f   libucrt:mbctype.obj
 0001:00011a00       _ismbblead                 0000000180012a00 f   libucrt:ismbbyte.obj
 0001:00011a14       __acrt_initialize_command_line 0000000180012a14 f   libucrt:argv_data.obj
 0001:00011a3c       __acrt_MultiByteToWideChar 0000000180012a3c f   libucrt:multibytetowidechar.obj
 0001:00011a98       __acrt_WideCharToMultiByte 0000000180012a98 f   libucrt:widechartomultibyte.obj
 0001:00011b30       __dcrt_get_narrow_environment_from_os 0000000180012b30 f   libucrt:get_environment_from_os.obj
 0001:00011c34       _recalloc_base             0000000180012c34 f   libucrt:recalloc.obj
 0001:00011ea4       __acrt_AppPolicyGetProcessTerminationMethodInternal 0000000180012ea4 f   libucrt:winapi_thunks.obj
 0001:00011ef4       __acrt_AreFileApisANSI     0000000180012ef4 f   libucrt:winapi_thunks.obj
 0001:00011f30       __acrt_FlsAlloc            0000000180012f30 f   libucrt:winapi_thunks.obj
 0001:00011f78       __acrt_FlsFree             0000000180012f78 f   libucrt:winapi_thunks.obj
 0001:00011fc0       __acrt_FlsGetValue         0000000180012fc0 f   libucrt:winapi_thunks.obj
 0001:00012008       __acrt_FlsSetValue         0000000180013008 f   libucrt:winapi_thunks.obj
 0001:0001205c       __acrt_InitializeCriticalSectionEx 000000018001305c f   libucrt:winapi_thunks.obj
 0001:000120c0       __acrt_LCMapStringEx       00000001800130c0 f   libucrt:winapi_thunks.obj
 0001:0001219c       __acrt_LocaleNameToLCID    000000018001319c f   libucrt:winapi_thunks.obj
 0001:000121ec       __acrt_initialize_winapi_thunks 00000001800131ec f   libucrt:winapi_thunks.obj
 0001:00012220       __acrt_uninitialize_winapi_thunks 0000000180013220 f   libucrt:winapi_thunks.obj
 0001:00012264       __acrt_initialize_heap     0000000180013264 f   libucrt:heap_handle.obj
 0001:00012280       __acrt_uninitialize_heap   0000000180013280 f   libucrt:heap_handle.obj
 0001:0001228c       __acrt_execute_initializers 000000018001328c f   libucrt:shared_initialization.obj
 0001:0001230c       __acrt_execute_uninitializers 000000018001330c f   libucrt:shared_initialization.obj
 0001:00012390       __acrt_get_sigabrt_handler 0000000180013390 f   libucrt:signal.obj
 0001:000123c0       __acrt_initialize_signal_handlers 00000001800133c0 f   libucrt:signal.obj
 0001:000123e0       raise                      00000001800133e0 f   libucrt:signal.obj
 0001:0001264c       __acrt_has_user_matherr    000000018001364c f   libucrt:matherr.obj
 0001:0001266c       __acrt_initialize_user_matherr 000000018001366c f   libucrt:matherr.obj
 0001:00012674       __acrt_invoke_user_matherr 0000000180013674 f   libucrt:matherr.obj
 0001:00012880       __acrt_stdio_flush_nolock  0000000180013880 f   libucrt:fflush.obj
 0001:000128fc       _fflush_nolock             00000001800138fc f   libucrt:fflush.obj
 0001:00012948       _flushall                  0000000180013948 f   libucrt:fflush.obj
 0001:00012950       _isleadbyte_l              0000000180013950 f i libucrt:_wctype.obj
 0001:0001299c       __acrt_GetStringTypeA      000000018001399c f   libucrt:getstringtypea.obj
 0001:00012b2c       __acrt_add_locale_ref      0000000180013b2c f   libucrt:locale_refcounting.obj
 0001:00012bb8       __acrt_free_locale         0000000180013bb8 f   libucrt:locale_refcounting.obj
 0001:00012d30       __acrt_locale_add_lc_time_reference 0000000180013d30 f   libucrt:locale_refcounting.obj
 0001:00012d58       __acrt_locale_free_lc_time_if_unreferenced 0000000180013d58 f   libucrt:locale_refcounting.obj
 0001:00012d90       __acrt_locale_release_lc_time_reference 0000000180013d90 f   libucrt:locale_refcounting.obj
 0001:00012db8       __acrt_release_locale_ref  0000000180013db8 f   libucrt:locale_refcounting.obj
 0001:00012e60       __acrt_update_thread_locale_data 0000000180013e60 f   libucrt:locale_refcounting.obj
 0001:00012ed0       _updatetlocinfoEx_nolock   0000000180013ed0 f   libucrt:locale_refcounting.obj
 0001:00012f38       __acrt_locale_free_monetary 0000000180013f38 f   libucrt:initmon.obj
 0001:00013044       __acrt_locale_free_numeric 0000000180014044 f   libucrt:initnum.obj
 0001:00013108       __acrt_locale_free_time    0000000180014108 f   libucrt:inittime.obj
 0001:00013528       __acrt_LCMapStringA        0000000180014528 f   libucrt:lcmapstringa.obj
 0001:000135c0       _query_new_mode            00000001800145c0 f   libucrt:new_mode.obj
 0001:000135c8       ?__mbrtowc_utf8@__crt_mbstring@@YA_KPEA_WPEBD_KPEAU_Mbstatet@@@Z 00000001800145c8 f   libucrt:mbrtowc.obj
 0001:00013604       ?__mbsrtowcs_utf8@__crt_mbstring@@YA_KPEA_WPEAPEBD_KPEAU_Mbstatet@@@Z 0000000180014604 f   libucrt:mbrtowc.obj
 0001:0001377c       ?__c32rtomb_utf8@__crt_mbstring@@YA_KPEAD_UPEAU_Mbstatet@@@Z 000000018001477c f   libucrt:c32rtomb.obj
 0001:00013834       __acrt_fp_strflt_to_string 0000000180014834 f   libucrt:_fptostr.obj
 0001:00013920       ?divide@__crt_strtox@@YA_KAEAUbig_integer@1@AEBU21@@Z 0000000180014920 f i libucrt:cfout.obj
 0001:00013d4c       __acrt_fltout              0000000180014d4c f   libucrt:cfout.obj
 0001:00015008       _fcloseall                 0000000180016008 f   libucrt:closeall.obj
 0001:000150bc       __acrt_stdio_free_buffer_nolock 00000001800160bc f   libucrt:_freebuf.obj
 0001:000150fc       _isatty                    00000001800160fc f   libucrt:isatty.obj
 0001:0001515c       __acrt_lowio_create_handle_array 000000018001615c f   libucrt:osfinfo.obj
 0001:00015204       __acrt_lowio_destroy_handle_array 0000000180016204 f   libucrt:osfinfo.obj
 0001:00015254       __acrt_lowio_ensure_fh_exists 0000000180016254 f   libucrt:osfinfo.obj
 0001:000152fc       __acrt_lowio_lock_fh       00000001800162fc f   libucrt:osfinfo.obj
 0001:00015324       __acrt_lowio_unlock_fh     0000000180016324 f   libucrt:osfinfo.obj
 0001:0001534c       _free_osfhnd               000000018001634c f   libucrt:osfinfo.obj
 0001:00015408       _get_osfhandle             0000000180016408 f   libucrt:osfinfo.obj
 0001:00015480       qsort                      0000000180016480 f   libucrt:qsort.obj
 0001:000158e0       strpbrk                    00000001800168e0 f   libucrt:strpbrk.obj
 0001:00015cc0       _mbsdec                    0000000180016cc0 f   libucrt:mbsdec.obj
 0001:00015cc8       _mbsdec_l                  0000000180016cc8 f   libucrt:mbsdec.obj
 0001:00015d74       _msize_base                0000000180016d74 f   libucrt:msize.obj
 0001:00015db0       _realloc_base              0000000180016db0 f   libucrt:realloc_base.obj
 0001:00015f14       __acrt_DownlevelLocaleNameToLCID 0000000180016f14 f   libucrt:lcidtoname_downlevel.obj
 0001:00015fd4       _commit                    0000000180016fd4 f   libucrt:commit.obj
 0001:000168d4       _write                     00000001800178d4 f   libucrt:write.obj
 0001:000169c0       _write_nolock              00000001800179c0 f   libucrt:write.obj
 0001:00016c9c       __strncnt                  0000000180017c9c f   libucrt:strncnt.obj
 0001:00016cb4       ?__mbrtoc32_utf8@__crt_mbstring@@YA_KPEA_UPEBD_KPEAU_Mbstatet@@@Z 0000000180017cb4 f   libucrt:mbrtoc32.obj
 0001:00016e90       fegetenv                   0000000180017e90 f   libucrt:fegetenv.obj
 0001:00016eb0       fesetenv                   0000000180017eb0 f   libucrt:fesetenv.obj
 0001:00016f00       feholdexcept               0000000180017f00 f   libucrt:feholdexcept.obj
 0001:00016f50       ceil                       0000000180017f50 f   libucrt:ceil.obj
 0001:00017020       log10                      0000000180018020 f   libucrt:log10.obj
 0001:00017668       _lseeki64_nolock           0000000180018668 f   libucrt:lseek.obj
 0001:00017670       _fclose_nolock             0000000180018670 f   libucrt:fclose.obj
 0001:000176f4       fclose                     00000001800186f4 f   libucrt:fclose.obj
 0001:00017758       _query_app_type            0000000180018758 f   libucrt:report_runtime_error.obj
 0001:00017760       _putwch_nolock             0000000180018760 f   libucrt:putwch.obj
 0001:0001779c       __acrt_fenv_get_control    000000018001879c f   libucrt:_fenvutils.obj
 0001:00017890       __acrt_fenv_get_status     0000000180018890 f   libucrt:_fenvutils.obj
 0001:000178e4       __acrt_fenv_set_control    00000001800188e4 f   libucrt:_fenvutils.obj
 0001:00017a2c       __acrt_fenv_set_status     0000000180018a2c f   libucrt:_fenvutils.obj
 0001:00017ab0       _clearfp                   0000000180018ab0 f   libucrt:ieee.obj
 0001:00017c44       _handle_error              0000000180018c44 f   libucrt:libm_error.obj
 0001:00017d6c       _handle_nan                0000000180018d6c f   libucrt:libm_error.obj
 0001:00017d90       __acrt_initialize_fma3     0000000180018d90 f   libucrt:fma3_available.obj
 0001:00017e00       _log10_special             0000000180018e00 f   libucrt:log_special.obj
 0001:00017f2c       _close                     0000000180018f2c f   libucrt:close.obj
 0001:00017fd0       _close_nolock              0000000180018fd0 f   libucrt:close.obj
 0001:00018090       ?__acrt_stdio_free_stream@@YAXV__crt_stdio_stream@@@Z 0000000180019090 f   libucrt:stream.obj
 0001:000180ac       __dcrt_lowio_ensure_console_output_initialized 00000001800190ac f   libucrt:initcon.obj
 0001:00018100       __dcrt_terminate_console_output 0000000180019100 f   libucrt:initcon.obj
 0001:0001811c       __dcrt_write_console       000000018001911c f   libucrt:initcon.obj
 0001:000181f0       _get_fpsr                  00000001800191f0 f   libucrt:fpsr.obj
 0001:00018200       _set_fpsr                  0000000180019200 f   libucrt:fpsr.obj
 0001:0001820a       _fclrf                     000000018001920a f   libucrt:fpsr.obj
 0001:0001821e       _frnd                      000000018001921e f   libucrt:fpsr.obj
 0001:00018240       _raise_exc                 0000000180019240 f   libucrt:fpexcept.obj
 0001:00018268       _raise_exc_ex              0000000180019268 f   libucrt:fpexcept.obj
 0001:00018578       _set_errno_from_matherr    0000000180019578 f   libucrt:fpexcept.obj
 0001:000185a8       _clrfp                     00000001800195a8 f   libucrt:fpctrl.obj
 0001:000185c8       _ctrlfp                    00000001800195c8 f   libucrt:fpctrl.obj
 0001:00018644       _set_statfp                0000000180019644 f   libucrt:fpctrl.obj
 0001:00018664       _statfp                    0000000180019664 f   libucrt:fpctrl.obj
 0001:00018675       IsProcessorFeaturePresent  0000000180019675 f   kernel32:KERNEL32.dll
 0001:0001867c       ?DloadAcquireSectionWriteAccess@@YAXXZ 000000018001967c f i DelayImp:delayhlp.obj
 0001:00018728       ?DloadGetSRWLockFunctionPointers@@YAEXZ 0000000180019728 f i DelayImp:delayhlp.obj
 0001:000187c4       ?DloadMakePermanentImageCommit@@YAXPEAX_K@Z 00000001800197c4 f i DelayImp:delayhlp.obj
 0001:0001885c       ?DloadObtainSection@@YAPEAXPEAK0@Z 000000018001985c f i DelayImp:delayhlp.obj
 0001:000188f8       ?DloadProtectSection@@YAXKPEAK@Z 00000001800198f8 f i DelayImp:delayhlp.obj
 0001:00018988       ?DloadReleaseSectionWriteAccess@@YAXXZ 0000000180019988 f i DelayImp:delayhlp.obj
 0001:00018a1c       __delayLoadHelper2         0000000180019a1c f   DelayImp:delayhlp.obj
 0001:00018cdc       __GSHandlerCheck           0000000180019cdc f   LIBCMT:gshandler.obj
 0001:00018cfc       __GSHandlerCheckCommon     0000000180019cfc f   LIBCMT:gshandler.obj
 0001:00018d60       _FindPESection             0000000180019d60 f   LIBCMT:pesect.obj
 0001:00018db0       _IsNonwritableInCurrentImage 0000000180019db0 f   LIBCMT:pesect.obj
 0001:00018e00       _ValidateImageBase         0000000180019e00 f   LIBCMT:pesect.obj
 0001:00018e40       _alloca_probe              0000000180019e40 f   LIBCMT:chkstk.obj
 0001:00018e40       __chkstk                   0000000180019e40 f   LIBCMT:chkstk.obj
 0001:00018eb0       memcmp                     0000000180019eb0 f   libvcruntime:memcmp.obj
 0001:00018f78       strrchr                    0000000180019f78 f   libvcruntime:strrchr.obj
 0001:000190c4       __GSHandlerCheck_EH        000000018001a0c4 f   LIBCMT:gshandlereh.obj
 0001:00019160       _guard_dispatch_icall_nop  000000018001a160 f   LIBCMT:guard_dispatch.obj
 0002:00000000       __imp_GetModuleHandleA     000000018001b000     kernel32:KERNEL32.dll
 0002:00000008       __imp_LoadLibraryExA       000000018001b008     kernel32:KERNEL32.dll
 0002:00000010       __imp_RtlCaptureContext    000000018001b010     kernel32:KERNEL32.dll
 0002:00000018       __imp_RtlLookupFunctionEntry 000000018001b018     kernel32:KERNEL32.dll
 0002:00000020       __imp_RtlVirtualUnwind     000000018001b020     kernel32:KERNEL32.dll
 0002:00000028       __imp_UnhandledExceptionFilter 000000018001b028     kernel32:KERNEL32.dll
 0002:00000030       __imp_SetUnhandledExceptionFilter 000000018001b030     kernel32:KERNEL32.dll
 0002:00000038       __imp_GetCurrentProcess    000000018001b038     kernel32:KERNEL32.dll
 0002:00000040       __imp_TerminateProcess     000000018001b040     kernel32:KERNEL32.dll
 0002:00000048       __imp_IsProcessorFeaturePresent 000000018001b048     kernel32:KERNEL32.dll
 0002:00000050       __imp_QueryPerformanceCounter 000000018001b050     kernel32:KERNEL32.dll
 0002:00000058       __imp_GetCurrentProcessId  000000018001b058     kernel32:KERNEL32.dll
 0002:00000060       __imp_GetCurrentThreadId   000000018001b060     kernel32:KERNEL32.dll
 0002:00000068       __imp_GetSystemTimeAsFileTime 000000018001b068     kernel32:KERNEL32.dll
 0002:00000070       __imp_InitializeSListHead  000000018001b070     kernel32:KERNEL32.dll
 0002:00000078       __imp_IsDebuggerPresent    000000018001b078     kernel32:KERNEL32.dll
 0002:00000080       __imp_GetStartupInfoW      000000018001b080     kernel32:KERNEL32.dll
 0002:00000088       __imp_GetModuleHandleW     000000018001b088     kernel32:KERNEL32.dll
 0002:00000090       __imp_RtlUnwindEx          000000018001b090     kernel32:KERNEL32.dll
 0002:00000098       __imp_RtlPcToFileHeader    000000018001b098     kernel32:KERNEL32.dll
 0002:000000a0       __imp_RaiseException       000000018001b0a0     kernel32:KERNEL32.dll
 0002:000000a8       __imp_InterlockedFlushSList 000000018001b0a8     kernel32:KERNEL32.dll
 0002:000000b0       __imp_GetLastError         000000018001b0b0     kernel32:KERNEL32.dll
 0002:000000b8       __imp_SetLastError         000000018001b0b8     kernel32:KERNEL32.dll
 0002:000000c0       __imp_EncodePointer        000000018001b0c0     kernel32:KERNEL32.dll
 0002:000000c8       __imp_EnterCriticalSection 000000018001b0c8     kernel32:KERNEL32.dll
 0002:000000d0       __imp_LeaveCriticalSection 000000018001b0d0     kernel32:KERNEL32.dll
 0002:000000d8       __imp_DeleteCriticalSection 000000018001b0d8     kernel32:KERNEL32.dll
 0002:000000e0       __imp_InitializeCriticalSectionAndSpinCount 000000018001b0e0     kernel32:KERNEL32.dll
 0002:000000e8       __imp_TlsAlloc             000000018001b0e8     kernel32:KERNEL32.dll
 0002:000000f0       __imp_TlsGetValue          000000018001b0f0     kernel32:KERNEL32.dll
 0002:000000f8       __imp_TlsSetValue          000000018001b0f8     kernel32:KERNEL32.dll
 0002:00000100       __imp_TlsFree              000000018001b100     kernel32:KERNEL32.dll
 0002:00000108       __imp_FreeLibrary          000000018001b108     kernel32:KERNEL32.dll
 0002:00000110       __imp_GetProcAddress       000000018001b110     kernel32:KERNEL32.dll
 0002:00000118       __imp_LoadLibraryExW       000000018001b118     kernel32:KERNEL32.dll
 0002:00000120       __imp_ExitProcess          000000018001b120     kernel32:KERNEL32.dll
 0002:00000128       __imp_GetModuleHandleExW   000000018001b128     kernel32:KERNEL32.dll
 0002:00000130       __imp_GetModuleFileNameW   000000018001b130     kernel32:KERNEL32.dll
 0002:00000138       __imp_HeapFree             000000018001b138     kernel32:KERNEL32.dll
 0002:00000140       __imp_HeapAlloc            000000018001b140     kernel32:KERNEL32.dll
 0002:00000148       __imp_GetStdHandle         000000018001b148     kernel32:KERNEL32.dll
 0002:00000150       __imp_GetFileType          000000018001b150     kernel32:KERNEL32.dll
 0002:00000158       __imp_FindClose            000000018001b158     kernel32:KERNEL32.dll
 0002:00000160       __imp_FindFirstFileExW     000000018001b160     kernel32:KERNEL32.dll
 0002:00000168       __imp_FindNextFileW        000000018001b168     kernel32:KERNEL32.dll
 0002:00000170       __imp_IsValidCodePage      000000018001b170     kernel32:KERNEL32.dll
 0002:00000178       __imp_GetACP               000000018001b178     kernel32:KERNEL32.dll
 0002:00000180       __imp_GetOEMCP             000000018001b180     kernel32:KERNEL32.dll
 0002:00000188       __imp_GetCPInfo            000000018001b188     kernel32:KERNEL32.dll
 0002:00000190       __imp_GetCommandLineA      000000018001b190     kernel32:KERNEL32.dll
 0002:00000198       __imp_GetCommandLineW      000000018001b198     kernel32:KERNEL32.dll
 0002:000001a0       __imp_MultiByteToWideChar  000000018001b1a0     kernel32:KERNEL32.dll
 0002:000001a8       __imp_WideCharToMultiByte  000000018001b1a8     kernel32:KERNEL32.dll
 0002:000001b0       __imp_GetEnvironmentStringsW 000000018001b1b0     kernel32:KERNEL32.dll
 0002:000001b8       __imp_FreeEnvironmentStringsW 000000018001b1b8     kernel32:KERNEL32.dll
 0002:000001c0       __imp_LCMapStringW         000000018001b1c0     kernel32:KERNEL32.dll
 0002:000001c8       __imp_GetProcessHeap       000000018001b1c8     kernel32:KERNEL32.dll
 0002:000001d0       __imp_GetStringTypeW       000000018001b1d0     kernel32:KERNEL32.dll
 0002:000001d8       __imp_SetFilePointerEx     000000018001b1d8     kernel32:KERNEL32.dll
 0002:000001e0       __imp_SetStdHandle         000000018001b1e0     kernel32:KERNEL32.dll
 0002:000001e8       __imp_HeapSize             000000018001b1e8     kernel32:KERNEL32.dll
 0002:000001f0       __imp_HeapReAlloc          000000018001b1f0     kernel32:KERNEL32.dll
 0002:000001f8       __imp_FlushFileBuffers     000000018001b1f8     kernel32:KERNEL32.dll
 0002:00000200       __imp_WriteFile            000000018001b200     kernel32:KERNEL32.dll
 0002:00000208       __imp_GetConsoleCP         000000018001b208     kernel32:KERNEL32.dll
 0002:00000210       __imp_GetConsoleMode       000000018001b210     kernel32:KERNEL32.dll
 0002:00000218       __imp_CloseHandle          000000018001b218     kernel32:KERNEL32.dll
 0002:00000220       __imp_CreateFileW          000000018001b220     kernel32:KERNEL32.dll
 0002:00000228       __imp_WriteConsoleW        000000018001b228     kernel32:KERNEL32.dll
 0002:00000230       __imp_GetSystemInfo        000000018001b230     kernel32:KERNEL32.dll
 0002:00000238       __imp_VirtualProtect       000000018001b238     kernel32:KERNEL32.dll
 0002:00000240       __imp_VirtualQuery         000000018001b240     kernel32:KERNEL32.dll
 0002:00000248       \177KERNEL32_NULL_THUNK_DATA 000000018001b248     kernel32:KERNEL32.dll
 0002:00000250       __guard_check_icall_fptr   000000018001b250     LIBCMT:guard_support.obj
 0002:00000258       __guard_dispatch_icall_fptr 000000018001b258     LIBCMT:guard_support.obj
 0002:00000260       __xc_a                     000000018001b260     LIBCMT:initializers.obj
 0002:00000268       _register_binding_         000000018001b268     binding.obj
 0002:00000270       __xc_z                     000000018001b270     LIBCMT:initializers.obj
 0002:00000278       __xi_a                     000000018001b278     LIBCMT:initializers.obj
 0002:00000280       __acrt_stdio_initializer   000000018001b280     libucrt:stdio_initializer.obj
 0002:00000288       __acrt_multibyte_initializer 000000018001b288     libucrt:multibyte_initializer.obj
 0002:00000290       __acrt_tran_fma3_initializer 000000018001b290     libucrt:fma3_initializer.obj
 0002:00000298       __xi_z                     000000018001b298     LIBCMT:initializers.obj
 0002:000002a0       __xp_a                     000000018001b2a0     LIBCMT:initializers.obj
 0002:000002a8       __acrt_locale_terminator   000000018001b2a8     libucrt:locale_initializer.obj
 0002:000002b0       __dcrt_console_output_terminator 000000018001b2b0     libucrt:console_output_initializer.obj
 0002:000002b8       __acrt_stdio_terminator    000000018001b2b8     libucrt:stdio_initializer.obj
 0002:000002c0       __xp_z                     000000018001b2c0     LIBCMT:initializers.obj
 0002:000002c8       __xt_a                     000000018001b2c8     LIBCMT:initializers.obj
 0002:000002d0       __xt_z                     000000018001b2d0     LIBCMT:initializers.obj
 0002:000002e0       __sz_node_exe              000000018001b2e0     node:node.exe
 0002:000002f8       ??_7exception@std@@6B@     000000018001b2f8     libcpmt:xthrow.obj
 0002:00000308       ??_C@_0BC@EOODALEL@Unknown?5exception@ 000000018001b308     libcpmt:xthrow.obj
 0002:00000328       ??_7bad_alloc@std@@6B@     000000018001b328     libcpmt:xthrow.obj
 0002:00000338       ??_C@_0P@GHFPNOJB@bad?5allocation@ 000000018001b338     libcpmt:xthrow.obj
 0002:00000350       ??_7logic_error@std@@6B@   000000018001b350     libcpmt:xthrow.obj
 0002:00000368       ??_7length_error@std@@6B@  000000018001b368     libcpmt:xthrow.obj
 0002:00000380       ??_7type_info@@6B@         000000018001b380     LIBCMT:std_type_info_static.obj
 0002:00000388       _pRawDllMain               000000018001b388     LIBCMT:dll_dllmain.obj
 0002:00000388       _pDefaultRawDllMain        000000018001b388     LIBCMT:dll_dllmain.obj
 0002:000003a8       ??_7bad_array_new_length@std@@6B@ 000000018001b3a8     LIBCMT:throw_bad_alloc.obj
 0002:000003b8       ??_C@_0BF@KINCDENJ@bad?5array?5new?5length@ 000000018001b3b8     LIBCMT:throw_bad_alloc.obj
 0002:00000468       _pDestructExceptionObject  000000018001b468     libvcruntime:ehhelpers.obj
 0002:000004b8       ??_7bad_exception@std@@6B@ 000000018001b4b8     libvcruntime:frame.obj
 0002:000004c8       ??_C@_0O@DPKOEFFH@bad?5exception@ 000000018001b4c8     libvcruntime:frame.obj
 0002:00000818       ??_C@_08EHJDFFNH@__based?$CI@ 000000018001b818     libvcruntime:undname.obj
 0002:00000828       ??_C@_07KOLFKCDI@__cdecl@  000000018001b828     libvcruntime:undname.obj
 0002:00000830       ??_C@_08GHMPAG@__pascal@   000000018001b830     libvcruntime:undname.obj
 0002:00000840       ??_C@_09IFJBGAPI@__stdcall@ 000000018001b840     libvcruntime:undname.obj
 0002:00000850       ??_C@_0L@NPHFGOKO@__thiscall@ 000000018001b850     libvcruntime:undname.obj
 0002:00000860       ??_C@_0L@JMKHOMEK@__fastcall@ 000000018001b860     libvcruntime:undname.obj
 0002:00000870       ??_C@_0N@BCKKPABJ@__vectorcall@ 000000018001b870     libvcruntime:undname.obj
 0002:00000880       ??_C@_09HIJEGCPM@__clrcall@ 000000018001b880     libvcruntime:undname.obj
 0002:0000088c       ??_C@_06GHPCKEAG@__eabi@   000000018001b88c     libvcruntime:undname.obj
 0002:00000898       ??_C@_09IOPIDJLG@__swift_1@ 000000018001b898     libvcruntime:undname.obj
 0002:000008a8       ??_C@_09KFNFGKHF@__swift_2@ 000000018001b8a8     libvcruntime:undname.obj
 0002:000008b8       ??_C@_07JOMMBBKO@__ptr64@  000000018001b8b8     libvcruntime:undname.obj
 0002:000008c0       ??_C@_0L@PILCLIHE@__restrict@ 000000018001b8c0     libvcruntime:undname.obj
 0002:000008d0       ??_C@_0M@GFIIJFMG@__unaligned@ 000000018001b8d0     libvcruntime:undname.obj
 0002:000008e0       ??_C@_09DHDLOLLB@restrict?$CI@ 000000018001b8e0     libvcruntime:undname.obj
 0002:000008ea       ??_C@_00CNPNBAHC@@         000000018001b8ea     libvcruntime:undname.obj
 0002:000008ec       ??_C@_04NIHEBCM@?5new@     000000018001b8ec     libvcruntime:undname.obj
 0002:000008f8       ??_C@_07FPCDHGMM@?5delete@ 000000018001b8f8     libvcruntime:undname.obj
 0002:00000900       ??_C@_01NEMOKFLO@?$DN@     000000018001b900     libvcruntime:undname.obj
 0002:00000904       ??_C@_02GPIOPFAK@?$DO?$DO@ 000000018001b904     libvcruntime:undname.obj
 0002:00000908       ??_C@_02FODMEDOG@?$DM?$DM@ 000000018001b908     libvcruntime:undname.obj
 0002:0000090c       ??_C@_01DCLJPIOD@?$CB@     000000018001b90c     libvcruntime:undname.obj
 0002:00000910       ??_C@_02EGOFBIJA@?$DN?$DN@ 000000018001b910     libvcruntime:undname.obj
 0002:00000914       ??_C@_02FDNJECIE@?$CB?$DN@ 000000018001b914     libvcruntime:undname.obj
 0002:00000918       ??_C@_02GPECMEKF@?$FL?$FN@ 000000018001b918     libvcruntime:undname.obj
 0002:00000920       ??_C@_08LHJFAFGD@operator@ 000000018001b920     libvcruntime:undname.obj
 0002:0000092c       ??_C@_02HBOOOICD@?9?$DO@   000000018001b92c     libvcruntime:undname.obj
 0002:00000930       ??_C@_01NBENCBCI@?$CK@     000000018001b930     libvcruntime:undname.obj
 0002:00000934       ??_C@_02ECNGHCIF@?$CL?$CL@ 000000018001b934     libvcruntime:undname.obj
 0002:00000938       ??_C@_02BAABKJLB@?9?9@     000000018001b938     libvcruntime:undname.obj
 0002:0000093c       ??_C@_01JOAMLHOP@?9@       000000018001b93c     libvcruntime:undname.obj
 0002:00000940       ??_C@_01MIFGBAGJ@?$CL@     000000018001b940     libvcruntime:undname.obj
 0002:00000944       ??_C@_01HNPIGOCE@?$CG@     000000018001b944     libvcruntime:undname.obj
 0002:00000948       ??_C@_03MNHNFDLC@?9?$DO?$CK@ 000000018001b948     libvcruntime:undname.obj
 0002:0000094c       ??_C@_01KMDKNFGN@?1@       000000018001b94c     libvcruntime:undname.obj
 0002:00000950       ??_C@_01FGNFDNOH@?$CF@     000000018001b950     libvcruntime:undname.obj
 0002:00000954       ??_C@_01MNNFJEPP@?$DM@     000000018001b954     libvcruntime:undname.obj
 0002:00000958       ??_C@_02EHCHHCKH@?$DM?$DN@ 000000018001b958     libvcruntime:undname.obj
 0002:0000095c       ??_C@_01PPODPGHN@?$DO@     000000018001b95c     libvcruntime:undname.obj
 0002:00000960       ??_C@_02EEKDKGMJ@?$DO?$DN@ 000000018001b960     libvcruntime:undname.obj
 0002:00000964       ??_C@_01IHBHIGKO@?0@       000000018001b964     libvcruntime:undname.obj
 0002:00000968       ??_C@_02HCKGKOFO@?$CI?$CJ@ 000000018001b968     libvcruntime:undname.obj
 0002:0000096c       ??_C@_01PJKLJHI@?$HO@      000000018001b96c     libvcruntime:undname.obj
 0002:00000970       ??_C@_01JKBOJNNK@?$FO@     000000018001b970     libvcruntime:undname.obj
 0002:00000974       ??_C@_01DNKMNLPK@?$HM@     000000018001b974     libvcruntime:undname.obj
 0002:00000978       ??_C@_02PPKAJPJL@?$CG?$CG@ 000000018001b978     libvcruntime:undname.obj
 0002:0000097c       ??_C@_02NONPIBCD@?$HM?$HM@ 000000018001b97c     libvcruntime:undname.obj
 0002:00000980       ??_C@_02FPIMKNGF@?$CK?$DN@ 000000018001b980     libvcruntime:undname.obj
 0002:00000984       ??_C@_02FOEOMHFC@?$CL?$DN@ 000000018001b984     libvcruntime:undname.obj
 0002:00000988       ??_C@_02FKMDLLOA@?9?$DN@   000000018001b988     libvcruntime:undname.obj
 0002:0000098c       ??_C@_02FJEHGPIO@?1?$DN@   000000018001b98c     libvcruntime:undname.obj
 0002:00000990       ??_C@_02FENAOKFI@?$CF?$DN@ 000000018001b990     libvcruntime:undname.obj
 0002:00000994       ??_C@_03IKFCCPFF@?$DO?$DO?$DN@ 000000018001b994     libvcruntime:undname.obj
 0002:00000998       ??_C@_03CDNPDDLA@?$DM?$DM?$DN@ 000000018001b998     libvcruntime:undname.obj
 0002:0000099c       ??_C@_02FGJGFEAB@?$CG?$DN@ 000000018001b99c     libvcruntime:undname.obj
 0002:000009a0       ??_C@_02DHLNPPGH@?$HM?$DN@ 000000018001b9a0     libvcruntime:undname.obj
 0002:000009a4       ??_C@_02MHEGNOJ@?$FO?$DN@  000000018001b9a4     libvcruntime:undname.obj
 0002:000009a8       ??_C@_09IFPLHPGF@?$GAvftable?8@ 000000018001b9a8     libvcruntime:undname.obj
 0002:000009b8       ??_C@_09BLBHBJP@?$GAvbtable?8@ 000000018001b9b8     libvcruntime:undname.obj
 0002:000009c8       ??_C@_07FEEIOKP@?$GAvcall?8@ 000000018001b9c8     libvcruntime:undname.obj
 0002:000009d0       ??_C@_08LLFFHHDJ@?$GAtypeof?8@ 000000018001b9d0     libvcruntime:undname.obj
 0002:000009e0       ??_C@_0BF@KDPPACIK@?$GAlocal?5static?5guard?8@ 000000018001b9e0     libvcruntime:undname.obj
 0002:000009f8       ??_C@_08OBABFOLI@?$GAstring?8@ 000000018001b9f8     libvcruntime:undname.obj
 0002:00000a08       ??_C@_0BD@JDLKDPAB@?$GAvbase?5destructor?8@ 000000018001ba08     libvcruntime:undname.obj
 0002:00000a20       ??_C@_0BN@DEGPLNFK@?$GAvector?5deleting?5destructor?8@ 000000018001ba20     libvcruntime:undname.obj
 0002:00000a40       ??_C@_0BO@OBMKPJIG@?$GAdefault?5constructor?5closure?8@ 000000018001ba40     libvcruntime:undname.obj
 0002:00000a60       ??_C@_0BN@IMDCHIKM@?$GAscalar?5deleting?5destructor?8@ 000000018001ba60     libvcruntime:undname.obj
 0002:00000a80       ??_C@_0BO@PFGOCPJJ@?$GAvector?5constructor?5iterator?8@ 000000018001ba80     libvcruntime:undname.obj
 0002:00000aa0       ??_C@_0BN@LFPFMEDL@?$GAvector?5destructor?5iterator?8@ 000000018001baa0     libvcruntime:undname.obj
 0002:00000ac0       ??_C@_0CE@IKBNEHA@?$GAvector?5vbase?5constructor?5itera@ 000000018001bac0     libvcruntime:undname.obj
 0002:00000ae8       ??_C@_0BL@NILFHHPC@?$GAvirtual?5displacement?5map?8@ 000000018001bae8     libvcruntime:undname.obj
 0002:00000b08       ??_C@_0CB@JONCMFFK@?$GAeh?5vector?5constructor?5iterator@ 000000018001bb08     libvcruntime:undname.obj
 0002:00000b30       ??_C@_0CA@GCEOPDGL@?$GAeh?5vector?5destructor?5iterator?8@ 000000018001bb30     libvcruntime:undname.obj
 0002:00000b50       ??_C@_0CH@OOJPLCPH@?$GAeh?5vector?5vbase?5constructor?5it@ 000000018001bb50     libvcruntime:undname.obj
 0002:00000b78       ??_C@_0BL@LLKPOHJI@?$GAcopy?5constructor?5closure?8@ 000000018001bb78     libvcruntime:undname.obj
 0002:00000b98       ??_C@_0BA@KBCDOMBN@?$GAudt?5returning?8@ 000000018001bb98     libvcruntime:undname.obj
 0002:00000ba8       ??_C@_03KLGMFNMG@?$GAEH@   000000018001bba8     libvcruntime:undname.obj
 0002:00000bac       ??_C@_05KHLCHHI@?$GARTTI@  000000018001bbac     libvcruntime:undname.obj
 0002:00000bb8       ??_C@_0BA@KKLDJDLB@?$GAlocal?5vftable?8@ 000000018001bbb8     libvcruntime:undname.obj
 0002:00000bc8       ??_C@_0CE@IIHCMGGL@?$GAlocal?5vftable?5constructor?5clos@ 000000018001bbc8     libvcruntime:undname.obj
 0002:00000bec       ??_C@_06FHBGPFGH@?5new?$FL?$FN@ 000000018001bbec     libvcruntime:undname.obj
 0002:00000bf8       ??_C@_09LBNFPBCA@?5delete?$FL?$FN@ 000000018001bbf8     libvcruntime:undname.obj
 0002:00000c08       ??_C@_0P@HJKNJFNN@?$GAomni?5callsig?8@ 000000018001bc08     libvcruntime:undname.obj
 0002:00000c18       ??_C@_0BL@CNOONJFP@?$GAplacement?5delete?5closure?8@ 000000018001bc18     libvcruntime:undname.obj
 0002:00000c38       ??_C@_0BN@CKNJLHMB@?$GAplacement?5delete?$FL?$FN?5closure?8@ 000000018001bc38     libvcruntime:undname.obj
 0002:00000c58       ??_C@_0CG@CFDHKGGD@?$GAmanaged?5vector?5constructor?5ite@ 000000018001bc58     libvcruntime:undname.obj
 0002:00000c80       ??_C@_0CF@IMGKMJNO@?$GAmanaged?5vector?5destructor?5iter@ 000000018001bc80     libvcruntime:undname.obj
 0002:00000ca8       ??_C@_0CG@HLDDJMAG@?$GAeh?5vector?5copy?5constructor?5ite@ 000000018001bca8     libvcruntime:undname.obj
 0002:00000cd0       ??_C@_0CM@FCBBDIGB@?$GAeh?5vector?5vbase?5copy?5construct@ 000000018001bcd0     libvcruntime:undname.obj
 0002:00000d00       ??_C@_0BL@CLIPGLGB@?$GAdynamic?5initializer?5for?5?8@ 000000018001bd00     libvcruntime:undname.obj
 0002:00000d20       ??_C@_0CB@PDBIFEP@?$GAdynamic?5atexit?5destructor?5for?5@ 000000018001bd20     libvcruntime:undname.obj
 0002:00000d48       ??_C@_0CD@CGAJBKEJ@?$GAvector?5copy?5constructor?5iterat@ 000000018001bd48     libvcruntime:undname.obj
 0002:00000d70       ??_C@_0CJ@GJELGAMM@?$GAvector?5vbase?5copy?5constructor?5@ 000000018001bd70     libvcruntime:undname.obj
 0002:00000da0       ??_C@_0CL@FGIJHLCE@?$GAmanaged?5vector?5copy?5constructo@ 000000018001bda0     libvcruntime:undname.obj
 0002:00000dd0       ??_C@_0BM@PMGGMLDN@?$GAlocal?5static?5thread?5guard?8@ 000000018001bdd0     libvcruntime:undname.obj
 0002:00000df0       ??_C@_0N@BDNMDMOL@operator?5?$CC?$CC?5@ 000000018001bdf0     libvcruntime:undname.obj
 0002:00000e00       ??_C@_0BC@GGEBGALA@operator?5co_await@ 000000018001be00     libvcruntime:undname.obj
 0002:00000e18       ??_C@_0BC@DAFEJGAK@?5Type?5Descriptor?8@ 000000018001be18     libvcruntime:undname.obj
 0002:00000e30       ??_C@_0BM@LDKODKLH@?5Base?5Class?5Descriptor?5at?5?$CI@ 000000018001be30     libvcruntime:undname.obj
 0002:00000e50       ??_C@_0BD@LGICGFMM@?5Base?5Class?5Array?8@ 000000018001be50     libvcruntime:undname.obj
 0002:00000e68       ??_C@_0BN@MECKDCOJ@?5Class?5Hierarchy?5Descriptor?8@ 000000018001be68     libvcruntime:undname.obj
 0002:00000e88       ??_C@_0BK@CFCOFLF@?5Complete?5Object?5Locator?8@ 000000018001be88     libvcruntime:undname.obj
 0002:00000ec0       ??_C@_1DM@KHCHBNEB@?$AAa?$AAp?$AAi?$AA?9?$AAm?$AAs?$AA?9?$AAw?$AAi?$AAn?$AA?9?$AAc?$AAo?$AAr?$AAe@ 000000018001bec0     libvcruntime:winapi_downlevel.obj
 0002:00000f00       ??_C@_1DK@LPPGFMPP@?$AAa?$AAp?$AAi?$AA?9?$AAm?$AAs?$AA?9?$AAw?$AAi?$AAn?$AA?9?$AAc?$AAo?$AAr?$AAe@ 000000018001bf00     libvcruntime:winapi_downlevel.obj
 0002:00000f40       ??_C@_1BC@GDMECMAK@?$AAk?$AAe?$AAr?$AAn?$AAe?$AAl?$AA3?$AA2@ 000000018001bf40     libvcruntime:winapi_downlevel.obj
 0002:00000f58       ??_C@_1BA@PFFKHIOG@?$AAa?$AAp?$AAi?$AA?9?$AAm?$AAs?$AA?9@ 000000018001bf58     libvcruntime:winapi_downlevel.obj
 0002:00000f68       ??_C@_1BA@IAIFMGEF@?$AAe?$AAx?$AAt?$AA?9?$AAm?$AAs?$AA?9@ 000000018001bf68     libvcruntime:winapi_downlevel.obj
 0002:00000f80       ??_C@_08KNHFBNJ@FlsAlloc@  000000018001bf80     libvcruntime:winapi_downlevel.obj
 0002:00000f98       ??_C@_07PEJMOBNF@FlsFree@  000000018001bf98     libvcruntime:winapi_downlevel.obj
 0002:00000fa8       ??_C@_0M@GDNOONDI@FlsGetValue@ 000000018001bfa8     libvcruntime:winapi_downlevel.obj
 0002:00000fc0       ??_C@_0M@JCPCPOEF@FlsSetValue@ 000000018001bfc0     libvcruntime:winapi_downlevel.obj
 0002:00000fd8       ??_C@_0BM@HCFOFFN@InitializeCriticalSectionEx@ 000000018001bfd8     libvcruntime:winapi_downlevel.obj
 0002:00001000       format_validation_lookup_table 000000018001c000     libucrt:output.obj
 0002:00001060       ??_C@_1O@CEDCILHN@?$AA?$CI?$AAn?$AAu?$AAl?$AAl?$AA?$CJ?$AA?$AA@ 000000018001c060     libucrt:output.obj
 0002:00001070       ??_C@_06OJHGLDPL@?$CInull?$CJ?$AA@ 000000018001c070     libucrt:output.obj
 0002:000011f0       ??_C@_0EA@FCLIIPNN@Visual?5C?$CL?$CL?5CRT?3?5Not?5enough?5memor@ 000000018001c1f0     libucrt:strerror.obj
 0002:00001230       __acrt_exception_action_table 000000018001c230     libucrt:exception_filter.obj
 0002:000012f0       __acrt_signal_action_table_count 000000018001c2f0     libucrt:exception_filter.obj
 0002:000012f8       __acrt_signal_action_first_fpe_index 000000018001c2f8     libucrt:exception_filter.obj
 0002:00001300       __acrt_signal_action_fpe_count 000000018001c300     libucrt:exception_filter.obj
 0002:00001308       ??_C@_1BI@BGOHAHKC@?$AAm?$AAs?$AAc?$AAo?$AAr?$AAe?$AAe?$AA?4?$AAd?$AAl?$AAl?$AA?$AA@ 000000018001c308     libucrt:exit.obj
 0002:00001320       ??_C@_0P@MIGLKIOC@CorExitProcess?$AA@ 000000018001c320     libucrt:exit.obj
[...]
 0004:00001080       $pdata$??$?RV<lambda_886d6c58226a84441f68b9f2b8217b83>@@AEAV<lambda_ab61a845afdef5b7c387490eaf3616ee>@@V<lambda_f7f22ab5edc0698d5f6905b0d3f44752>@@@?$__crt_seh_guarded_call@X@@QEAAX$$QEAV<lambda_886d6c58226a84441f68b9f2b8217b83>@@AEAV<lambda_ab61a845afdef5b7c387490eaf3616ee>@@$$QEAV<lambda_f7f22ab5edc0698d5f6905b0d3f44752>@@@Z 000000018002b080     libucrt:fflush.obj
 0004:0000108c       $pdata$?common_flush_all@@YAH_N@Z 000000018002b08c     libucrt:fflush.obj
 0004:00001098       $pdata$__acrt_stdio_flush_nolock 000000018002b098     libucrt:fflush.obj
 0004:000010a4       $pdata$_fflush_nolock      000000018002b0a4     libucrt:fflush.obj
 0004:000010b0       $pdata$_isleadbyte_l       000000018002b0b0     libucrt:_wctype.obj
 0004:000010bc       $pdata$__acrt_GetStringTypeA 000000018002b0bc     libucrt:getstringtypea.obj
 0004:000010c8       $pdata$__acrt_free_locale  000000018002b0c8     libucrt:locale_refcounting.obj
 0004:000010d4       $pdata$__acrt_locale_free_lc_time_if_unreferenced 000000018002b0d4     libucrt:locale_refcounting.obj
 0004:000010e0       $pdata$__acrt_release_locale_ref 000000018002b0e0     libucrt:locale_refcounting.obj
 0004:000010ec       $pdata$__acrt_update_thread_locale_data 000000018002b0ec     libucrt:locale_refcounting.obj
 0004:000010f8       $pdata$_updatetlocinfoEx_nolock 000000018002b0f8     libucrt:locale_refcounting.obj
 0004:00001104       $pdata$__acrt_locale_free_monetary 000000018002b104     libucrt:initmon.obj
 0004:00001110       $pdata$__acrt_locale_free_numeric 000000018002b110     libucrt:initnum.obj
 0004:0000111c       $pdata$?free_crt_array_internal@@YAXQEAPEBX_K@Z 000000018002b11c     libucrt:inittime.obj
 0004:00001128       $pdata$__acrt_locale_free_time 000000018002b128     libucrt:inittime.obj
 0004:00001134       $pdata$?__acrt_LCMapStringA_stat@@YAHPEAU__crt_locale_pointers@@PEB_WKPEBDHPEADHHH@Z 000000018002b134     libucrt:lcmapstringa.obj
 0004:00001140       $pdata$__acrt_LCMapStringA 000000018002b140     libucrt:lcmapstringa.obj
 0004:0000114c       $pdata$?__mbrtowc_utf8@__crt_mbstring@@YA_KPEA_WPEBD_KPEAU_Mbstatet@@@Z 000000018002b14c     libucrt:mbrtowc.obj
 0004:00001158       $pdata$?__mbsrtowcs_utf8@__crt_mbstring@@YA_KPEA_WPEAPEBD_KPEAU_Mbstatet@@@Z 000000018002b158     libucrt:mbrtowc.obj
 0004:00001164       $pdata$?__c32rtomb_utf8@__crt_mbstring@@YA_KPEAD_UPEAU_Mbstatet@@@Z 000000018002b164     libucrt:c32rtomb.obj
 0004:00001170       $pdata$__acrt_fp_strflt_to_string 000000018002b170     libucrt:_fptostr.obj
 0004:0000117c       $pdata$?divide@__crt_strtox@@YA_KAEAUbig_integer@1@AEBU21@@Z 000000018002b17c     libucrt:cfout.obj
 0004:00001188       $pdata$0$?divide@__crt_strtox@@YA_KAEAUbig_integer@1@AEBU21@@Z 000000018002b188     libucrt:cfout.obj
 0004:00001194       $pdata$1$?divide@__crt_strtox@@YA_KAEAUbig_integer@1@AEBU21@@Z 000000018002b194     libucrt:cfout.obj
 0004:000011a0       $pdata$__acrt_fltout       000000018002b1a0     libucrt:cfout.obj
 0004:000011ac       $pdata$memcpy_s            000000018002b1ac     libucrt:cfout.obj
 0004:000011b8       $pdata$_fcloseall          000000018002b1b8     libucrt:closeall.obj
 0004:000011c4       $pdata$__acrt_stdio_free_buffer_nolock 000000018002b1c4     libucrt:_freebuf.obj
 0004:000011d0       $pdata$_isatty             000000018002b1d0     libucrt:isatty.obj
 0004:000011dc       $pdata$__acrt_lowio_create_handle_array 000000018002b1dc     libucrt:osfinfo.obj
 0004:000011e8       $pdata$__acrt_lowio_destroy_handle_array 000000018002b1e8     libucrt:osfinfo.obj
 0004:000011f4       $pdata$__acrt_lowio_ensure_fh_exists 000000018002b1f4     libucrt:osfinfo.obj
 0004:00001200       $pdata$_free_osfhnd        000000018002b200     libucrt:osfinfo.obj
 0004:0000120c       $pdata$_get_osfhandle      000000018002b20c     libucrt:osfinfo.obj
 0004:00001218       $pdata$qsort               000000018002b218     libucrt:qsort.obj
 0004:00001224       $pdata$4$qsort             000000018002b224     libucrt:qsort.obj
 0004:00001230       $pdata$5$qsort             000000018002b230     libucrt:qsort.obj
 0004:0000123c       $pdata$fallbackMethod      000000018002b23c     libucrt:strpbrk.obj
 0004:00001248       $pdata$strpbrk             000000018002b248     libucrt:strpbrk.obj
 0004:00001254       $pdata$_mbsdec_l           000000018002b254     libucrt:mbsdec.obj
 0004:00001260       $pdata$?initialize_multibyte@@YAHXZ 000000018002b260     libucrt:multibyte_initializer.obj
 0004:0000126c       $pdata$_msize_base         000000018002b26c     libucrt:msize.obj
 0004:00001278       $pdata$_realloc_base       000000018002b278     libucrt:realloc_base.obj
 0004:00001284       $pdata$?GetTableIndexFromLocaleName@@YAHPEB_W@Z 000000018002b284     libucrt:lcidtoname_downlevel.obj
 0004:00001290       $pdata$__acrt_DownlevelLocaleNameToLCID 000000018002b290     libucrt:lcidtoname_downlevel.obj
 0004:0000129c       $pdata$??$?RV<lambda_a37b2b86f63e897a80ea819b0eb08c01>@@AEAV<lambda_38ce7e780aa69e748d6df282ebc68efe>@@V<lambda_99fb1378e971ab6e7edea83e3a7a83a2>@@@?$__crt_seh_guarded_call@H@@QEAAH$$QEAV<lambda_a37b2b86f63e897a80ea819b0eb08c01>@@AEAV<lambda_38ce7e780aa69e748d6df282ebc68efe>@@$$QEAV<lambda_99fb1378e971ab6e7edea83e3a7a83a2>@@@Z 000000018002b29c     libucrt:commit.obj
 0004:000012a8       $pdata$_commit             000000018002b2a8     libucrt:commit.obj
 0004:000012b4       $pdata$?write_double_translated_ansi_nolock@@YA?AUwrite_result@?A0x17268360@@HQEBDI@Z 000000018002b2b4     libucrt:write.obj
 0004:000012c0       $pdata$?write_text_ansi_nolock@@YA?AUwrite_result@?A0x17268360@@HQEBDI@Z 000000018002b2c0     libucrt:write.obj
 0004:000012cc       $pdata$?write_text_utf16le_nolock@@YA?AUwrite_result@?A0x17268360@@HQEBDI@Z 000000018002b2cc     libucrt:write.obj
 0004:000012d8       $pdata$?write_text_utf8_nolock@@YA?AUwrite_result@?A0x17268360@@HQEBDI@Z 000000018002b2d8     libucrt:write.obj
 0004:000012e4       $pdata$_write              000000018002b2e4     libucrt:write.obj
 0004:000012f0       $pdata$_write_nolock       000000018002b2f0     libucrt:write.obj
 0004:000012fc       $pdata$?__mbrtoc32_utf8@__crt_mbstring@@YA_KPEA_UPEBD_KPEAU_Mbstatet@@@Z 000000018002b2fc     libucrt:mbrtoc32.obj
 0004:00001308       $pdata$fegetenv            000000018002b308     libucrt:fegetenv.obj
 0004:00001314       $pdata$fesetenv            000000018002b314     libucrt:fesetenv.obj
 0004:00001320       $pdata$feholdexcept        000000018002b320     libucrt:feholdexcept.obj
 0004:00001338       $pdata$??$common_lseek_nolock@_J@@YA_JH_JH@Z 000000018002b338     libucrt:lseek.obj
 0004:00001344       $pdata$_fclose_nolock      000000018002b344     libucrt:fclose.obj
 0004:00001350       $pdata$fclose              000000018002b350     libucrt:fclose.obj
 0004:0000135c       $pdata$_putwch_nolock      000000018002b35c     libucrt:putwch.obj
 0004:00001368       $pdata$__acrt_fenv_set_control 000000018002b368     libucrt:_fenvutils.obj
 0004:00001374       $pdata$_clearfp            000000018002b374     libucrt:ieee.obj
 0004:00001380       $pdata$_call_matherr       000000018002b380     libucrt:libm_error.obj
 0004:0000138c       $pdata$_exception_enabled  000000018002b38c     libucrt:libm_error.obj
 0004:00001398       $pdata$_handle_error       000000018002b398     libucrt:libm_error.obj
 0004:000013a4       $pdata$__acrt_initialize_fma3 000000018002b3a4     libucrt:fma3_available.obj
 0004:000013b0       $pdata$_log10_special      000000018002b3b0     libucrt:log_special.obj
 0004:000013bc       $pdata$_log_special_common 000000018002b3bc     libucrt:log_special.obj
 0004:000013c8       $pdata$??$?RV<lambda_751a882b2c74d4b022dec766aa51a29a>@@AEAV<lambda_628dfdc04ba53c8bfc02c9951375f3f5>@@V<lambda_f6c7be5f7998530c34de24c7437d6b54>@@@?$__crt_seh_guarded_call@H@@QEAAH$$QEAV<lambda_751a882b2c74d4b022dec766aa51a29a>@@AEAV<lambda_628dfdc04ba53c8bfc02c9951375f3f5>@@$$QEAV<lambda_f6c7be5f7998530c34de24c7437d6b54>@@@Z 000000018002b3c8     libucrt:close.obj
 0004:000013d4       $pdata$_close              000000018002b3d4     libucrt:close.obj
 0004:000013e0       $pdata$_close_nolock       000000018002b3e0     libucrt:close.obj
 0004:000013ec       $pdata$__dcrt_lowio_ensure_console_output_initialized 000000018002b3ec     libucrt:initcon.obj
 0004:000013f8       $pdata$__dcrt_terminate_console_output 000000018002b3f8     libucrt:initcon.obj
 0004:00001404       $pdata$__dcrt_write_console 000000018002b404     libucrt:initcon.obj
 0004:0000141c       $pdata$_raise_exc          000000018002b41c     libucrt:fpexcept.obj
 0004:00001428       $pdata$_raise_exc_ex       000000018002b428     libucrt:fpexcept.obj
 0004:00001434       $pdata$_set_errno_from_matherr 000000018002b434     libucrt:fpexcept.obj
 0004:00001440       $pdata$_clrfp              000000018002b440     libucrt:fpctrl.obj
 0004:0000144c       $pdata$_ctrlfp             000000018002b44c     libucrt:fpctrl.obj
 0004:00001458       $pdata$_set_statfp         000000018002b458     libucrt:fpctrl.obj
 0004:00001464       $pdata$_statfp             000000018002b464     libucrt:fpctrl.obj
 0004:00001470       $pdata$?DloadAcquireSectionWriteAccess@@YAXXZ 000000018002b470     DelayImp:delayhlp.obj
 0004:0000147c       $pdata$?DloadGetSRWLockFunctionPointers@@YAEXZ 000000018002b47c     DelayImp:delayhlp.obj
 0004:00001488       $pdata$?DloadMakePermanentImageCommit@@YAXPEAX_K@Z 000000018002b488     DelayImp:delayhlp.obj
 0004:00001494       $pdata$?DloadObtainSection@@YAPEAXPEAK0@Z 000000018002b494     DelayImp:delayhlp.obj
 0004:000014a0       $pdata$?DloadProtectSection@@YAXKPEAK@Z 000000018002b4a0     DelayImp:delayhlp.obj
 0004:000014ac       $pdata$?DloadReleaseSectionWriteAccess@@YAXXZ 000000018002b4ac     DelayImp:delayhlp.obj
 0004:000014b8       $pdata$__delayLoadHelper2  000000018002b4b8     DelayImp:delayhlp.obj
 0004:000014c4       $pdata$__GSHandlerCheck    000000018002b4c4     LIBCMT:gshandler.obj
 0004:000014d0       $pdata$__GSHandlerCheckCommon 000000018002b4d0     LIBCMT:gshandler.obj
 0004:000014dc       $pdata$_IsNonwritableInCurrentImage 000000018002b4dc     LIBCMT:pesect.obj
 0004:00001500       $pdata$strrchr             000000018002b500     libvcruntime:strrchr.obj
 0004:0000150c       $pdata$__GSHandlerCheck_EH 000000018002b50c     LIBCMT:gshandlereh.obj
 0004:00001524       $pdata$?dtor$1@?0???BString@Napi@@QEBA?AV?$basic_string@DU?$char_traits@D@std@@V?$allocator@D@2@@std@@XZ@4HA 000000018002b524     binding.obj
 0004:00001530       $pdata$?catch$6@?0??Message@Error@Napi@@QEBAAEBV?$basic_string@DU?$char_traits@D@std@@V?$allocator@D@2@@std@@XZ@4HA 000000018002b530     binding.obj
 0004:0000153c       $pdata$?catch$0@?0???$WrapCallback@V<lambda_8c7377a71108815b2eee34f099f4cb99>@@@details@Napi@@YAPEAUnapi_value__@@V<lambda_8c7377a71108815b2eee34f099f4cb99>@@@Z@4HA 000000018002b53c     binding.obj
 0004:00001548       $pdata$?catch$1@?0???$WrapCallback@V<lambda_03ec0e3e2a4187754bc7c97d0c48b30a>@@@details@Napi@@YAPEAUnapi_value__@@V<lambda_03ec0e3e2a4187754bc7c97d0c48b30a>@@@Z@4HA 000000018002b548     binding.obj
 0004:00001554       $pdata$?catch$1@?0???$WrapCallback@V<lambda_4b130013be4a466940e6fe08d32cda83>@@@details@Napi@@YAPEAUnapi_value__@@V<lambda_4b130013be4a466940e6fe08d32cda83>@@@Z@4HA 000000018002b554     binding.obj
 0004:00001560       $pdata$?fin$0@?0??dllmain_crt_process_attach@@YAHQEAUHINSTANCE__@@QEAX@Z@4HA 000000018002b560     LIBCMT:dll_dllmain.obj
 0004:0000156c       $pdata$?fin$0@?0??dllmain_crt_process_detach@@YAH_N@Z@4HA 000000018002b56c     LIBCMT:dll_dllmain.obj
 0004:00001578       $pdata$?filt$0@?0??dllmain_dispatch@@YAHQEAUHINSTANCE__@@KQEAX@Z@4HA 000000018002b578     LIBCMT:dll_dllmain.obj
 0004:00001584       $pdata$__scrt_is_nonwritable_in_current_image$filt$0 000000018002b584     LIBCMT:utility.obj
 0004:00001590       $pdata$?filt$0@?0???$_CallSETranslator@V__FrameHandler3@@@@YAHPEAUEHExceptionRecord@@PEA_KPEAU_CONTEXT@@PEAU_xDISPATCHER_CONTEXT@@PEBU_s_FuncInfo@@K1@Z@4HA 000000018002b590     libvcruntime:risctrnsctrl.obj
 0004:0000159c       $pdata$__DestructExceptionObject$filt$0 000000018002b59c     libvcruntime:ehhelpers.obj
 0004:000015a8       $pdata$?filt$0@?0??CxxCallCatchBlock@__FrameHandler3@@SAPEAXPEAU_EXCEPTION_RECORD@@@Z@4HA 000000018002b5a8     libvcruntime:frame.obj
 0004:000015b4       $pdata$?fin$1@?0??CxxCallCatchBlock@__FrameHandler3@@SAPEAXPEAU_EXCEPTION_RECORD@@@Z@4HA 000000018002b5b4     libvcruntime:frame.obj
 0004:000015c0       $pdata$?filt$0@?0??FrameUnwindToState@__FrameHandler3@@SAXPEA_KPEAU_xDISPATCHER_CONTEXT@@PEBU_s_FuncInfo@@H@Z@4HA 000000018002b5c0     libvcruntime:frame.obj
 0004:000015cc       $pdata$?fin$1@?0??FrameUnwindToState@__FrameHandler3@@SAXPEA_KPEAU_xDISPATCHER_CONTEXT@@PEBU_s_FuncInfo@@H@Z@4HA 000000018002b5cc     libvcruntime:frame.obj
 0004:000015d8       $pdata$_query_new_handler$fin$0 000000018002b5d8     libucrt:new_handler.obj
 0004:000015e4       $pdata$?fin$0@?0???$?RV<lambda_f2e299630e499de9f9a165e60fcd3db5>@@AEAV<lambda_2ae9d31cdba2644fcbeaf08da7c24588>@@V<lambda_40d01ff24d0e7b3814fdbdcee8eab3c7>@@@?$__crt_seh_guarded_call@X@@QEAAX$$QEAV<lambda_f2e299630e499de9f9a165e60fcd3db5>@@AEAV<lambda_2ae9d31cdba2644fcbeaf08da7c24588>@@$$QEAV<lambda_40d01ff24d0e7b3814fdbdcee8eab3c7>@@@Z@4HA 000000018002b5e4     libucrt:per_thread_data.obj
 0004:000015e4       $pdata$?fin$0@?0???$?RV<lambda_2d41944a1d46af3157314b8a01080d33>@@AEAV<lambda_8f455de75cd7d7f24b4096f044d8b9e6>@@V<lambda_aa500f224e6afead328df44964fe2772>@@@?$__crt_seh_guarded_call@X@@QEAAX$$QEAV<lambda_2d41944a1d46af3157314b8a01080d33>@@AEAV<lambda_8f455de75cd7d7f24b4096f044d8b9e6>@@$$QEAV<lambda_aa500f224e6afead328df44964fe2772>@@@Z@4HA 000000018002b5e4     libucrt:per_thread_data.obj
 0004:000015e4       $pdata$?fin$0@?0???$?RV<lambda_aa87e3671a710a21b5dc78c0bdf72e11>@@AEAV<lambda_92619d2358a28f41a33ba319515a20b9>@@V<lambda_6992ecaafeb10aed2b74cb1fae11a551>@@@?$__crt_seh_guarded_call@X@@QEAAX$$QEAV<lambda_aa87e3671a710a21b5dc78c0bdf72e11>@@AEAV<lambda_92619d2358a28f41a33ba319515a20b9>@@$$QEAV<lambda_6992ecaafeb10aed2b74cb1fae11a551>@@@Z@4HA 000000018002b5e4     libucrt:per_thread_data.obj
 0004:000015e4       $pdata$?fin$0@?0???$?RV<lambda_efdfa57d1f175319df784efa44bb7b81>@@AEAV<lambda_5f0a4c1567f8adc6734073e5d1e1b35c>@@V<lambda_2e8a7d3640ea6ccb4c2413664c2db6fd>@@@?$__crt_seh_guarded_call@X@@QEAAX$$QEAV<lambda_efdfa57d1f175319df784efa44bb7b81>@@AEAV<lambda_5f0a4c1567f8adc6734073e5d1e1b35c>@@$$QEAV<lambda_2e8a7d3640ea6ccb4c2413664c2db6fd>@@@Z@4HA 000000018002b5e4     libucrt:mbctype.obj
 0004:000015e4       $pdata$?fin$0@?0???$?RV<lambda_450d765d439847d4c735a33c368b5fc0>@@AEAV<lambda_44731a7d0e6d81c3e6aa82d741081786>@@V<lambda_601a2a7da3b7a96e9554ac7215c4b07c>@@@?$__crt_seh_guarded_call@P6AXH@Z@@QEAAP6AXH@Z$$QEAV<lambda_450d765d439847d4c735a33c368b5fc0>@@AEAV<lambda_44731a7d0e6d81c3e6aa82d741081786>@@$$QEAV<lambda_601a2a7da3b7a96e9554ac7215c4b07c>@@@Z@4HA 000000018002b5e4     libucrt:signal.obj
 0004:000015e4       $pdata$?fin$0@?0???$?RV<lambda_7777bce6b2f8c936911f934f8298dc43>@@AEAV<lambda_f03950bc5685219e0bcd2087efbe011e>@@V<lambda_3883c3dff614d5e0c5f61bb1ac94921c>@@@?$__crt_seh_guarded_call@H@@QEAAH$$QEAV<lambda_7777bce6b2f8c936911f934f8298dc43>@@AEAV<lambda_f03950bc5685219e0bcd2087efbe011e>@@$$QEAV<lambda_3883c3dff614d5e0c5f61bb1ac94921c>@@@Z@4HA 000000018002b5e4     libucrt:onexit.obj
 0004:000015e4       $pdata$?fin$0@?0???$?RV<lambda_d80eeec6fff315bfe5c115232f3240e3>@@AEAV<lambda_6e4b09c48022b2350581041d5f6b0c4c>@@V<lambda_2358e3775559c9db80273638284d5e45>@@@?$__crt_seh_guarded_call@X@@QEAAX$$QEAV<lambda_d80eeec6fff315bfe5c115232f3240e3>@@AEAV<lambda_6e4b09c48022b2350581041d5f6b0c4c>@@$$QEAV<lambda_2358e3775559c9db80273638284d5e45>@@@Z@4HA 000000018002b5e4     libucrt:exit.obj
 0004:000015e4       $pdata$?fin$0@?0???$?RV<lambda_0ae27a3a962d80f24befdcbee591983d>@@AEAV<lambda_8d0ee55de4b1038c4002e0adecdf1839>@@V<lambda_dc504788e8f1664fe9b84e20bfb512f2>@@@?$__crt_seh_guarded_call@X@@QEAAX$$QEAV<lambda_0ae27a3a962d80f24befdcbee591983d>@@AEAV<lambda_8d0ee55de4b1038c4002e0adecdf1839>@@$$QEAV<lambda_dc504788e8f1664fe9b84e20bfb512f2>@@@Z@4HA 000000018002b5e4     libucrt:per_thread_data.obj
 0004:000015f0       $pdata$?filt$0@?0???R<lambda_6e4b09c48022b2350581041d5f6b0c4c>@@QEBA@XZ@4HA 000000018002b5f0     libucrt:exit.obj
 0004:000015fc       $pdata$?fin$0@?0???$?RV<lambda_410d79af7f07d98d83a3f525b3859a53>@@AEAV<lambda_3e16ef9562a7dcce91392c22ab16ea36>@@V<lambda_38119f0e861e05405d8a144b9b982f0a>@@@?$__crt_seh_guarded_call@X@@QEAAX$$QEAV<lambda_410d79af7f07d98d83a3f525b3859a53>@@AEAV<lambda_3e16ef9562a7dcce91392c22ab16ea36>@@$$QEAV<lambda_38119f0e861e05405d8a144b9b982f0a>@@@Z@4HA 000000018002b5fc     libucrt:wsetlocale.obj
 0004:00001608       $pdata$__acrt_lowio_ensure_fh_exists$fin$0 000000018002b608     libucrt:osfinfo.obj
 0004:00001608       $pdata$__acrt_initialize_lowio$fin$0 000000018002b608     libucrt:ioinit.obj
 0004:00001614       $pdata$?fin$0@?0??update_thread_multibyte_data_internal@@YAPEAU__crt_multibyte_data@@QEAU__acrt_ptd@@QEAPEAU1@@Z@4HA 000000018002b614     libucrt:mbctype.obj
 0004:00001620       $pdata$raise$fin$0         000000018002b620     libucrt:signal.obj
 0004:0000162c       $pdata$?fin$0@?0???$?RV<lambda_842d9ff0dc9ef11c61343bbaebe7f885>@@AEAV<lambda_c5860995281e5c4ce005b3de8f5874ee>@@V<lambda_d90129c13df834fdcbf8d2b88dafcf2d>@@@?$__crt_seh_guarded_call@X@@QEAAX$$QEAV<lambda_842d9ff0dc9ef11c61343bbaebe7f885>@@AEAV<lambda_c5860995281e5c4ce005b3de8f5874ee>@@$$QEAV<lambda_d90129c13df834fdcbf8d2b88dafcf2d>@@@Z@4HA 000000018002b62c     libucrt:fflush.obj
 0004:00001638       $pdata$?fin$0@?0???$?RV<lambda_886d6c58226a84441f68b9f2b8217b83>@@AEAV<lambda_ab61a845afdef5b7c387490eaf3616ee>@@V<lambda_f7f22ab5edc0698d5f6905b0d3f44752>@@@?$__crt_seh_guarded_call@X@@QEAAX$$QEAV<lambda_886d6c58226a84441f68b9f2b8217b83>@@AEAV<lambda_ab61a845afdef5b7c387490eaf3616ee>@@$$QEAV<lambda_f7f22ab5edc0698d5f6905b0d3f44752>@@@Z@4HA 000000018002b638     libucrt:fflush.obj
 0004:00001644       $pdata$__acrt_update_thread_locale_data$fin$0 000000018002b644     libucrt:locale_refcounting.obj
 0004:00001650       $pdata$_fcloseall$fin$0    000000018002b650     libucrt:closeall.obj
 0004:0000165c       $pdata$?fin$0@?0???$?RV<lambda_751a882b2c74d4b022dec766aa51a29a>@@AEAV<lambda_628dfdc04ba53c8bfc02c9951375f3f5>@@V<lambda_f6c7be5f7998530c34de24c7437d6b54>@@@?$__crt_seh_guarded_call@H@@QEAAH$$QEAV<lambda_751a882b2c74d4b022dec766aa51a29a>@@AEAV<lambda_628dfdc04ba53c8bfc02c9951375f3f5>@@$$QEAV<lambda_f6c7be5f7998530c34de24c7437d6b54>@@@Z@4HA 000000018002b65c     libucrt:close.obj
 0004:0000165c       $pdata$?fin$0@?0???$?RV<lambda_a37b2b86f63e897a80ea819b0eb08c01>@@AEAV<lambda_38ce7e780aa69e748d6df282ebc68efe>@@V<lambda_99fb1378e971ab6e7edea83e3a7a83a2>@@@?$__crt_seh_guarded_call@H@@QEAAH$$QEAV<lambda_a37b2b86f63e897a80ea819b0eb08c01>@@AEAV<lambda_38ce7e780aa69e748d6df282ebc68efe>@@$$QEAV<lambda_99fb1378e971ab6e7edea83e3a7a83a2>@@@Z@4HA 000000018002b65c     libucrt:commit.obj
 0004:00001668       $pdata$_write$fin$0        000000018002b668     libucrt:write.obj
 0004:00001674       $pdata$fclose$fin$0        000000018002b674     libucrt:fclose.obj
 0004:00001680       $pdata$_ctrlfp$filt$0      000000018002b680     libucrt:fpctrl.obj
 0004:0000168c       $pdata$_IsNonwritableInCurrentImage$filt$0 000000018002b68c     LIBCMT:pesect.obj
 0005:00000060       $R000000                   000000018002c060     * linker generated manifest res *

 Exports

  ordinal    name

        1    _register_binding_
